../ThirdParty/FreeRTOS/event_groups.c:686:19:prvTestWaitCondition	0	static
../ThirdParty/FreeRTOS/event_groups.c:146:24:xEventGroupCreate	8	static
../ThirdParty/FreeRTOS/event_groups.c:315:13:xEventGroupWaitBits	40	static,ignoring_inline_asm
../ThirdParty/FreeRTOS/event_groups.c:471:13:xEventGroupClearBits	16	static,ignoring_inline_asm
../ThirdParty/FreeRTOS/event_groups.c:515:13:xEventGroupGetBitsFromISR	8	static
../ThirdParty/FreeRTOS/event_groups.c:531:13:xEventGroupSetBits	24	static,ignoring_inline_asm
../ThirdParty/FreeRTOS/event_groups.c:192:13:xEventGroupSync	32	static,ignoring_inline_asm
../ThirdParty/FreeRTOS/event_groups.c:626:6:vEventGroupDelete	8	static,ignoring_inline_asm
../ThirdParty/FreeRTOS/event_groups.c:670:6:vEventGroupSetBitsCallback	8	static
../ThirdParty/FreeRTOS/event_groups.c:679:6:vEventGroupClearBitsCallback	8	static
../ThirdParty/FreeRTOS/event_groups.c:742:17:uxEventGroupGetNumber	0	static
../ThirdParty/FreeRTOS/event_groups.c:764:10:vEventGroupSetNumber	0	static
