../ThirdParty/FreeRTOS/stream_buffer.c:1238:15:prvBytesInBuffer	0	static
../ThirdParty/FreeRTOS/stream_buffer.c:1259:13:prvInitialiseNewStreamBuffer	32	static,ignoring_inline_asm
../ThirdParty/FreeRTOS/stream_buffer.c:1131:15:prvWriteBytesToBuffer	32	static,ignoring_inline_asm
../ThirdParty/FreeRTOS/stream_buffer.c:700:15:prvWriteMessageToBuffer	24	static
../ThirdParty/FreeRTOS/stream_buffer.c:1180:15:prvReadBytesFromBuffer	32	static,ignoring_inline_asm
../ThirdParty/FreeRTOS/stream_buffer.c:958:15:prvReadMessageFromBuffer	32	static
../ThirdParty/FreeRTOS/stream_buffer.c:220:26:xStreamBufferGenericCreate	32	static,ignoring_inline_asm
../ThirdParty/FreeRTOS/stream_buffer.c:371:6:vStreamBufferDelete	8	static,ignoring_inline_asm
../ThirdParty/FreeRTOS/stream_buffer.c:404:12:xStreamBufferReset	24	static,ignoring_inline_asm
../ThirdParty/FreeRTOS/stream_buffer.c:453:12:xStreamBufferSetTriggerLevel	0	static,ignoring_inline_asm
../ThirdParty/FreeRTOS/stream_buffer.c:483:8:xStreamBufferSpacesAvailable	0	static,ignoring_inline_asm
../ThirdParty/FreeRTOS/stream_buffer.c:507:8:xStreamBufferBytesAvailable	8	static,ignoring_inline_asm
../ThirdParty/FreeRTOS/stream_buffer.c:519:8:xStreamBufferSend	48	static,ignoring_inline_asm
../ThirdParty/FreeRTOS/stream_buffer.c:649:8:xStreamBufferSendFromISR	40	static,ignoring_inline_asm
../ThirdParty/FreeRTOS/stream_buffer.c:752:8:xStreamBufferReceive	40	static,ignoring_inline_asm
../ThirdParty/FreeRTOS/stream_buffer.c:856:8:xStreamBufferNextMessageLengthBytes	24	static,ignoring_inline_asm
../ThirdParty/FreeRTOS/stream_buffer.c:901:8:xStreamBufferReceiveFromISR	40	static,ignoring_inline_asm
../ThirdParty/FreeRTOS/stream_buffer.c:1010:12:xStreamBufferIsEmpty	0	static,ignoring_inline_asm
../ThirdParty/FreeRTOS/stream_buffer.c:1034:12:xStreamBufferIsFull	8	static,ignoring_inline_asm
../ThirdParty/FreeRTOS/stream_buffer.c:1069:12:xStreamBufferSendCompletedFromISR	24	static,ignoring_inline_asm
../ThirdParty/FreeRTOS/stream_buffer.c:1100:12:xStreamBufferReceiveCompletedFromISR	24	static,ignoring_inline_asm
../ThirdParty/FreeRTOS/stream_buffer.c:1287:17:uxStreamBufferGetStreamBufferNumber	0	static
../ThirdParty/FreeRTOS/stream_buffer.c:1297:10:vStreamBufferSetStreamBufferNumber	0	static
../ThirdParty/FreeRTOS/stream_buffer.c:1308:13:ucStreamBufferGetStreamBufferType	0	static
