../ThirdParty/FreeRTOS/timers.c:649:23:prvGetNextExpireTime	0	static
../ThirdParty/FreeRTOS/timers.c:699:23:prvInsertTimerInActiveList	8	static
../ThirdParty/FreeRTOS/timers.c:953:17:prvCheckForValidListAndQueue	16	static
../ThirdParty/FreeRTOS/timers.c:343:17:prvInitialiseNewTimer	32	static,ignoring_inline_asm
../ThirdParty/FreeRTOS/timers.c:221:16:xTimerCreateTimerTask	16	static,ignoring_inline_asm
../ThirdParty/FreeRTOS/timers.c:276:23:xTimerCreate	40	static
../ThirdParty/FreeRTOS/timers.c:377:16:xTimerGenericCommand	32	static,ignoring_inline_asm
../ThirdParty/FreeRTOS/timers.c:893:17:prvSwitchTimerLists	24	static,ignoring_inline_asm
../ThirdParty/FreeRTOS/timers.c:676:23:prvSampleTimeNow	16	static
../ThirdParty/FreeRTOS/timers.c:508:17:prvProcessExpiredTimer	24	static,ignoring_inline_asm
../ThirdParty/FreeRTOS/timers.c:587:17:prvProcessTimerOrBlockTask	24	static
../ThirdParty/FreeRTOS/timers.c:743:17:prvProcessReceivedCommands	32	static,ignoring_inline_asm
../ThirdParty/FreeRTOS/timers.c:551:12:prvTimerTask	16	static
../ThirdParty/FreeRTOS/timers.c:424:18:xTimerGetTimerDaemonTaskHandle	0	static,ignoring_inline_asm
../ThirdParty/FreeRTOS/timers.c:433:16:xTimerGetPeriod	0	static,ignoring_inline_asm
../ThirdParty/FreeRTOS/timers.c:442:10:vTimerSetReloadMode	16	static,ignoring_inline_asm
../ThirdParty/FreeRTOS/timers.c:463:17:uxTimerGetReloadMode	8	static,ignoring_inline_asm
../ThirdParty/FreeRTOS/timers.c:488:16:xTimerGetExpiryTime	0	static,ignoring_inline_asm
../ThirdParty/FreeRTOS/timers.c:499:18:pcTimerGetName	0	static,ignoring_inline_asm
../ThirdParty/FreeRTOS/timers.c:1004:16:xTimerIsTimerActive	8	static,ignoring_inline_asm
../ThirdParty/FreeRTOS/timers.c:1029:12:pvTimerGetTimerID	8	static,ignoring_inline_asm
../ThirdParty/FreeRTOS/timers.c:1046:10:vTimerSetTimerID	16	static,ignoring_inline_asm
../ThirdParty/FreeRTOS/timers.c:1122:21:uxTimerGetTimerNumber	0	static
../ThirdParty/FreeRTOS/timers.c:1132:14:vTimerSetTimerNumber	0	static
