Archive member included to satisfy reference by file (symbol)

c:/st/stm32cubeide_1.9.0/stm32cubeide/plugins/com.st.stm32cube.ide.mcu.externaltools.gnu-tools-for-stm32.10.3-2021.10.win32_1.0.0.202111181127/tools/bin/../lib/gcc/arm-none-eabi/10.3.1/../../../../arm-none-eabi/lib/thumb/v6-m/nofp\libc_nano.a(lib_a-exit.o)
                              c:/st/stm32cubeide_1.9.0/stm32cubeide/plugins/com.st.stm32cube.ide.mcu.externaltools.gnu-tools-for-stm32.10.3-2021.10.win32_1.0.0.202111181127/tools/bin/../lib/gcc/arm-none-eabi/10.3.1/../../../../arm-none-eabi/lib/thumb/v6-m/nofp/rdimon-crt0.o (exit)
c:/st/stm32cubeide_1.9.0/stm32cubeide/plugins/com.st.stm32cube.ide.mcu.externaltools.gnu-tools-for-stm32.10.3-2021.10.win32_1.0.0.202111181127/tools/bin/../lib/gcc/arm-none-eabi/10.3.1/../../../../arm-none-eabi/lib/thumb/v6-m/nofp\libc_nano.a(lib_a-impure.o)
                              c:/st/stm32cubeide_1.9.0/stm32cubeide/plugins/com.st.stm32cube.ide.mcu.externaltools.gnu-tools-for-stm32.10.3-2021.10.win32_1.0.0.202111181127/tools/bin/../lib/gcc/arm-none-eabi/10.3.1/../../../../arm-none-eabi/lib/thumb/v6-m/nofp\libc_nano.a(lib_a-exit.o) (_global_impure_ptr)
c:/st/stm32cubeide_1.9.0/stm32cubeide/plugins/com.st.stm32cube.ide.mcu.externaltools.gnu-tools-for-stm32.10.3-2021.10.win32_1.0.0.202111181127/tools/bin/../lib/gcc/arm-none-eabi/10.3.1/../../../../arm-none-eabi/lib/thumb/v6-m/nofp\libc_nano.a(lib_a-init.o)
                              c:/st/stm32cubeide_1.9.0/stm32cubeide/plugins/com.st.stm32cube.ide.mcu.externaltools.gnu-tools-for-stm32.10.3-2021.10.win32_1.0.0.202111181127/tools/bin/../lib/gcc/arm-none-eabi/10.3.1/../../../../arm-none-eabi/lib/thumb/v6-m/nofp/rdimon-crt0.o (__libc_init_array)
c:/st/stm32cubeide_1.9.0/stm32cubeide/plugins/com.st.stm32cube.ide.mcu.externaltools.gnu-tools-for-stm32.10.3-2021.10.win32_1.0.0.202111181127/tools/bin/../lib/gcc/arm-none-eabi/10.3.1/../../../../arm-none-eabi/lib/thumb/v6-m/nofp\libc_nano.a(lib_a-memcpy-stub.o)
                              ./ThirdParty/FreeRTOS/queue.o (memcpy)
c:/st/stm32cubeide_1.9.0/stm32cubeide/plugins/com.st.stm32cube.ide.mcu.externaltools.gnu-tools-for-stm32.10.3-2021.10.win32_1.0.0.202111181127/tools/bin/../lib/gcc/arm-none-eabi/10.3.1/../../../../arm-none-eabi/lib/thumb/v6-m/nofp\libc_nano.a(lib_a-memset.o)
                              c:/st/stm32cubeide_1.9.0/stm32cubeide/plugins/com.st.stm32cube.ide.mcu.externaltools.gnu-tools-for-stm32.10.3-2021.10.win32_1.0.0.202111181127/tools/bin/../lib/gcc/arm-none-eabi/10.3.1/../../../../arm-none-eabi/lib/thumb/v6-m/nofp/rdimon-crt0.o (memset)
c:/st/stm32cubeide_1.9.0/stm32cubeide/plugins/com.st.stm32cube.ide.mcu.externaltools.gnu-tools-for-stm32.10.3-2021.10.win32_1.0.0.202111181127/tools/bin/../lib/gcc/arm-none-eabi/10.3.1/../../../../arm-none-eabi/lib/thumb/v6-m/nofp\libc_nano.a(lib_a-strcat.o)
                              ./drivers/src/generic_api.o (strcat)
c:/st/stm32cubeide_1.9.0/stm32cubeide/plugins/com.st.stm32cube.ide.mcu.externaltools.gnu-tools-for-stm32.10.3-2021.10.win32_1.0.0.202111181127/tools/bin/../lib/gcc/arm-none-eabi/10.3.1/../../../../arm-none-eabi/lib/thumb/v6-m/nofp\libc_nano.a(lib_a-strcpy.o)
                              ./drivers/src/generic_api.o (strcpy)
c:/st/stm32cubeide_1.9.0/stm32cubeide/plugins/com.st.stm32cube.ide.mcu.externaltools.gnu-tools-for-stm32.10.3-2021.10.win32_1.0.0.202111181127/tools/bin/../lib/gcc/arm-none-eabi/10.3.1/../../../../arm-none-eabi/lib/thumb/v6-m/nofp\libc_nano.a(lib_a-strlen.o)
                              ./drivers/src/generic_api.o (strlen)
c:/st/stm32cubeide_1.9.0/stm32cubeide/plugins/com.st.stm32cube.ide.mcu.externaltools.gnu-tools-for-stm32.10.3-2021.10.win32_1.0.0.202111181127/tools/bin/../lib/gcc/arm-none-eabi/10.3.1/../../../../arm-none-eabi/lib/thumb/v6-m/nofp\librdimon_nano.a(rdimon-syscalls.o)
                              c:/st/stm32cubeide_1.9.0/stm32cubeide/plugins/com.st.stm32cube.ide.mcu.externaltools.gnu-tools-for-stm32.10.3-2021.10.win32_1.0.0.202111181127/tools/bin/../lib/gcc/arm-none-eabi/10.3.1/../../../../arm-none-eabi/lib/thumb/v6-m/nofp/rdimon-crt0.o (initialise_monitor_handles)
c:/st/stm32cubeide_1.9.0/stm32cubeide/plugins/com.st.stm32cube.ide.mcu.externaltools.gnu-tools-for-stm32.10.3-2021.10.win32_1.0.0.202111181127/tools/bin/../lib/gcc/arm-none-eabi/10.3.1/../../../../arm-none-eabi/lib/thumb/v6-m/nofp\librdimon_nano.a(rdimon-_exit.o)
                              c:/st/stm32cubeide_1.9.0/stm32cubeide/plugins/com.st.stm32cube.ide.mcu.externaltools.gnu-tools-for-stm32.10.3-2021.10.win32_1.0.0.202111181127/tools/bin/../lib/gcc/arm-none-eabi/10.3.1/../../../../arm-none-eabi/lib/thumb/v6-m/nofp\libc_nano.a(lib_a-exit.o) (_exit)
c:/st/stm32cubeide_1.9.0/stm32cubeide/plugins/com.st.stm32cube.ide.mcu.externaltools.gnu-tools-for-stm32.10.3-2021.10.win32_1.0.0.202111181127/tools/bin/../lib/gcc/arm-none-eabi/10.3.1/../../../../arm-none-eabi/lib/thumb/v6-m/nofp\librdimon_nano.a(rdimon-_kill.o)
[...]
Memory Configuration

Name             Origin             Length             Attributes
RAM              0x0000000020000000 0x0000000000001000 xrw
FLASH            0x0000000008000000 0x0000000000004000 xr
*default*        0x0000000000000000 0xffffffffffffffff

Linker script and memory map

LOAD c:/st/stm32cubeide_1.9.0/stm32cubeide/plugins/com.st.stm32cube.ide.mcu.externaltools.gnu-tools-for-stm32.10.3-2021.10.win32_1.0.0.202111181127/tools/bin/../lib/gcc/arm-none-eabi/10.3.1/thumb/v6-m/nofp/crti.o
LOAD c:/st/stm32cubeide_1.9.0/stm32cubeide/plugins/com.st.stm32cube.ide.mcu.externaltools.gnu-tools-for-stm32.10.3-2021.10.win32_1.0.0.202111181127/tools/bin/../lib/gcc/arm-none-eabi/10.3.1/thumb/v6-m/nofp/crtbegin.o
LOAD c:/st/stm32cubeide_1.9.0/stm32cubeide/plugins/com.st.stm32cube.ide.mcu.externaltools.gnu-tools-for-stm32.10.3-2021.10.win32_1.0.0.202111181127/tools/bin/../lib/gcc/arm-none-eabi/10.3.1/../../../../arm-none-eabi/lib/thumb/v6-m/nofp/rdimon-crt0.o
LOAD ./Src/app.o
LOAD ./Startup/startup_stm32f030f4px.o
LOAD ./ThirdParty/FreeRTOS/croutine.o
LOAD ./ThirdParty/FreeRTOS/event_groups.o
LOAD ./ThirdParty/FreeRTOS/list.o
LOAD ./ThirdParty/FreeRTOS/queue.o
LOAD ./ThirdParty/FreeRTOS/stream_buffer.o
LOAD ./ThirdParty/FreeRTOS/tasks.o
LOAD ./ThirdParty/FreeRTOS/timers.o
LOAD ./ThirdParty/FreeRTOS/portable/GCC/ARM_CM0/port.o
LOAD ./ThirdParty/FreeRTOS/portable/MemMang/heap_4.o
LOAD ./drivers/src/generic_api.o
LOAD ./drivers/src/stm32F030x4_timer_driver.o
LOAD ./drivers/src/stm32f030x4_gpio_driver.o
LOAD ./drivers/src/stm32f030x4_i2c_driver.o
LOAD ./drivers/src/stm32f030x4_rcc_driver.o
LOAD ./drivers/src/stm32f030x4_usart_driver.o
LOAD ./middleware/src/CHGBQ25731.o
LOAD ./middleware/src/PDTPS257550.o
LOAD ./middleware/src/fuel_gauge.o
LOAD ./middleware/src/initialise.o
LOAD c:/st/stm32cubeide_1.9.0/stm32cubeide/plugins/com.st.stm32cube.ide.mcu.externaltools.gnu-tools-for-stm32.10.3-2021.10.win32_1.0.0.202111181127/tools/bin/../lib/gcc/arm-none-eabi/10.3.1/../../../../arm-none-eabi/lib/thumb/v6-m/nofp\libc_nano.a
LOAD c:/st/stm32cubeide_1.9.0/stm32cubeide/plugins/com.st.stm32cube.ide.mcu.externaltools.gnu-tools-for-stm32.10.3-2021.10.win32_1.0.0.202111181127/tools/bin/../lib/gcc/arm-none-eabi/10.3.1/../../../../arm-none-eabi/lib/thumb/v6-m/nofp\librdimon_nano.a
START GROUP
LOAD c:/st/stm32cubeide_1.9.0/stm32cubeide/plugins/com.st.stm32cube.ide.mcu.externaltools.gnu-tools-for-stm32.10.3-2021.10.win32_1.0.0.202111181127/tools/bin/../lib/gcc/arm-none-eabi/10.3.1/../../../../arm-none-eabi/lib/thumb/v6-m/nofp\libc_nano.a
LOAD c:/st/stm32cubeide_1.9.0/stm32cubeide/plugins/com.st.stm32cube.ide.mcu.externaltools.gnu-tools-for-stm32.10.3-2021.10.win32_1.0.0.202111181127/tools/bin/../lib/gcc/arm-none-eabi/10.3.1/../../../../arm-none-eabi/lib/thumb/v6-m/nofp\libm.a
END GROUP
START GROUP
LOAD c:/st/stm32cubeide_1.9.0/stm32cubeide/plugins/com.st.stm32cube.ide.mcu.externaltools.gnu-tools-for-stm32.10.3-2021.10.win32_1.0.0.202111181127/tools/bin/../lib/gcc/arm-none-eabi/10.3.1/thumb/v6-m/nofp\libgcc.a
LOAD c:/st/stm32cubeide_1.9.0/stm32cubeide/plugins/com.st.stm32cube.ide.mcu.externaltools.gnu-tools-for-stm32.10.3-2021.10.win32_1.0.0.202111181127/tools/bin/../lib/gcc/arm-none-eabi/10.3.1/../../../../arm-none-eabi/lib/thumb/v6-m/nofp\libc_nano.a
END GROUP
START GROUP
LOAD c:/st/stm32cubeide_1.9.0/stm32cubeide/plugins/com.st.stm32cube.ide.mcu.externaltools.gnu-tools-for-stm32.10.3-2021.10.win32_1.0.0.202111181127/tools/bin/../lib/gcc/arm-none-eabi/10.3.1/thumb/v6-m/nofp\libgcc.a
LOAD c:/st/stm32cubeide_1.9.0/stm32cubeide/plugins/com.st.stm32cube.ide.mcu.externaltools.gnu-tools-for-stm32.10.3-2021.10.win32_1.0.0.202111181127/tools/bin/../lib/gcc/arm-none-eabi/10.3.1/../../../../arm-none-eabi/lib/thumb/v6-m/nofp\libc_nano.a
LOAD c:/st/stm32cubeide_1.9.0/stm32cubeide/plugins/com.st.stm32cube.ide.mcu.externaltools.gnu-tools-for-stm32.10.3-2021.10.win32_1.0.0.202111181127/tools/bin/../lib/gcc/arm-none-eabi/10.3.1/../../../../arm-none-eabi/lib/thumb/v6-m/nofp\libnosys.a
END GROUP
START GROUP
LOAD c:/st/stm32cubeide_1.9.0/stm32cubeide/plugins/com.st.stm32cube.ide.mcu.externaltools.gnu-tools-for-stm32.10.3-2021.10.win32_1.0.0.202111181127/tools/bin/../lib/gcc/arm-none-eabi/10.3.1/thumb/v6-m/nofp\libgcc.a
LOAD c:/st/stm32cubeide_1.9.0/stm32cubeide/plugins/com.st.stm32cube.ide.mcu.externaltools.gnu-tools-for-stm32.10.3-2021.10.win32_1.0.0.202111181127/tools/bin/../lib/gcc/arm-none-eabi/10.3.1/../../../../arm-none-eabi/lib/thumb/v6-m/nofp\libc_nano.a
LOAD c:/st/stm32cubeide_1.9.0/stm32cubeide/plugins/com.st.stm32cube.ide.mcu.externaltools.gnu-tools-for-stm32.10.3-2021.10.win32_1.0.0.202111181127/tools/bin/../lib/gcc/arm-none-eabi/10.3.1/../../../../arm-none-eabi/lib/thumb/v6-m/nofp\librdimon_nano.a
END GROUP
START GROUP
LOAD c:/st/stm32cubeide_1.9.0/stm32cubeide/plugins/com.st.stm32cube.ide.mcu.externaltools.gnu-tools-for-stm32.10.3-2021.10.win32_1.0.0.202111181127/tools/bin/../lib/gcc/arm-none-eabi/10.3.1/thumb/v6-m/nofp\libgcc.a
LOAD c:/st/stm32cubeide_1.9.0/stm32cubeide/plugins/com.st.stm32cube.ide.mcu.externaltools.gnu-tools-for-stm32.10.3-2021.10.win32_1.0.0.202111181127/tools/bin/../lib/gcc/arm-none-eabi/10.3.1/../../../../arm-none-eabi/lib/thumb/v6-m/nofp\libc_nano.a
LOAD c:/st/stm32cubeide_1.9.0/stm32cubeide/plugins/com.st.stm32cube.ide.mcu.externaltools.gnu-tools-for-stm32.10.3-2021.10.win32_1.0.0.202111181127/tools/bin/../lib/gcc/arm-none-eabi/10.3.1/../../../../arm-none-eabi/lib/thumb/v6-m/nofp\librdimon_nano.a
LOAD c:/st/stm32cubeide_1.9.0/stm32cubeide/plugins/com.st.stm32cube.ide.mcu.externaltools.gnu-tools-for-stm32.10.3-2021.10.win32_1.0.0.202111181127/tools/bin/../lib/gcc/arm-none-eabi/10.3.1/../../../../arm-none-eabi/lib/thumb/v6-m/nofp\libnosys.a
END GROUP
LOAD c:/st/stm32cubeide_1.9.0/stm32cubeide/plugins/com.st.stm32cube.ide.mcu.externaltools.gnu-tools-for-stm32.10.3-2021.10.win32_1.0.0.202111181127/tools/bin/../lib/gcc/arm-none-eabi/10.3.1/thumb/v6-m/nofp/crtend.o
LOAD c:/st/stm32cubeide_1.9.0/stm32cubeide/plugins/com.st.stm32cube.ide.mcu.externaltools.gnu-tools-for-stm32.10.3-2021.10.win32_1.0.0.202111181127/tools/bin/../lib/gcc/arm-none-eabi/10.3.1/thumb/v6-m/nofp/crtn.o
                0x0000000020001000                _estack = (ORIGIN (RAM) + LENGTH (RAM))
                0x0000000000000200                _Min_Heap_Size = 0x200
                0x0000000000000400                _Min_Stack_Size = 0x400

.isr_vector     0x0000000008000000       0xc0
                0x0000000008000000                . = ALIGN (0x4)
 *(.isr_vector)
 .isr_vector    0x0000000008000000       0xc0 ./Startup/startup_stm32f030f4px.o
                0x0000000008000000                g_pfnVectors
                0x00000000080000c0                . = ALIGN (0x4)

.text           0x00000000080000c0     0x3e50
                0x00000000080000c0                . = ALIGN (0x4)
 *(.text)
 .text          0x00000000080000c0       0x48 c:/st/stm32cubeide_1.9.0/stm32cubeide/plugins/com.st.stm32cube.ide.mcu.externaltools.gnu-tools-for-stm32.10.3-2021.10.win32_1.0.0.202111181127/tools/bin/../lib/gcc/arm-none-eabi/10.3.1/thumb/v6-m/nofp/crtbegin.o
 .text          0x0000000008000108      0x114 c:/st/stm32cubeide_1.9.0/stm32cubeide/plugins/com.st.stm32cube.ide.mcu.externaltools.gnu-tools-for-stm32.10.3-2021.10.win32_1.0.0.202111181127/tools/bin/../lib/gcc/arm-none-eabi/10.3.1/thumb/v6-m/nofp\libgcc.a(_udivsi3.o)
                0x0000000008000108                __aeabi_uidiv
                0x0000000008000108                __udivsi3
                0x0000000008000214                __aeabi_uidivmod
 .text          0x000000000800021c        0x4 c:/st/stm32cubeide_1.9.0/stm32cubeide/plugins/com.st.stm32cube.ide.mcu.externaltools.gnu-tools-for-stm32.10.3-2021.10.win32_1.0.0.202111181127/tools/bin/../lib/gcc/arm-none-eabi/10.3.1/thumb/v6-m/nofp\libgcc.a(_dvmd_tls.o)
                0x000000000800021c                __aeabi_idiv0
                0x000000000800021c                __aeabi_ldiv0
 *(.text*)
 .text.respond_to_host
                0x0000000008000220       0x38 ./Src/app.o
 .text.pd_restart_setup
                0x0000000008000258       0x64 ./Src/app.o
                0x0000000008000258                pd_restart_setup
 .text.device_task
                0x00000000080002bc      0x51c ./Src/app.o
                0x00000000080002bc                device_task
 .text.main     0x00000000080007d8       0x80 ./Src/app.o
                0x00000000080007d8                main
 .text.send_ok_msg
                0x0000000008000858       0x50 ./Src/app.o
                0x0000000008000858                send_ok_msg
 .text.process_command
                0x00000000080008a8      0x328 ./Src/app.o
                0x00000000080008a8                process_command
 .text.process_pd_binary_fw
                0x0000000008000bd0       0x94 ./Src/app.o
                0x0000000008000bd0                process_pd_binary_fw
 .text.process_gauge_binary_fw
                0x0000000008000c64       0x94 ./Src/app.o
                0x0000000008000c64                process_gauge_binary_fw
 .text.host_comms
                0x0000000008000cf8      0x164 ./Src/app.o
                0x0000000008000cf8                host_comms
 .text.EXTI4_15_IRQHandler
                0x0000000008000e5c      0x110 ./Src/app.o
                0x0000000008000e5c                EXTI4_15_IRQHandler
 .text.I2C1_IRQHandler
                0x0000000008000f6c       0x10 ./Src/app.o
                0x0000000008000f6c                I2C1_IRQHandler
 .text.USART1_IRQHandler
                0x0000000008000f7c       0x10 ./Src/app.o
                0x0000000008000f7c                USART1_IRQHandler
 .text.USART_ApplicationEventCallback
                0x0000000008000f8c       0x54 ./Src/app.o
                0x0000000008000f8c                USART_ApplicationEventCallback
 .text.Reset_Handler
                0x0000000008000fe0       0x50 ./Startup/startup_stm32f030f4px.o
                0x0000000008000fe0                Reset_Handler
 .text.Default_Handler
                0x0000000008001030        0x2 ./Startup/startup_stm32f030f4px.o
                0x0000000008001030                TIM1_CC_IRQHandler
                0x0000000008001030                HardFault_Handler
                0x0000000008001030                TIM6_IRQHandler
                0x0000000008001030                PVD_IRQHandler
                0x0000000008001030                NMI_Handler
                0x0000000008001030                SPI1_IRQHandler
                0x0000000008001030                EXTI2_3_IRQHandler
                0x0000000008001030                I2C2_IRQHandler
                0x0000000008001030                TIM17_IRQHandler
                0x0000000008001030                RTC_IRQHandler
                0x0000000008001030                TIM16_IRQHandler
                0x0000000008001030                TIM3_IRQHandler
                0x0000000008001030                RCC_IRQHandler
                0x0000000008001030                Default_Handler
                0x0000000008001030                TIM14_IRQHandler
                0x0000000008001030                ADC_IRQHandler
                0x0000000008001030                DMA1_CH2_3_IRQHandler
                0x0000000008001030                TIM15_IRQHandler
                0x0000000008001030                EXTI0_1_IRQHandler
                0x0000000008001030                USB_IRQHandler
                0x0000000008001030                SPI2_IRQHandler
                0x0000000008001030                DMA1_CH1_IRQHandler
                0x0000000008001030                DMA1_CH4_5_IRQHandler
                0x0000000008001030                WWDG_IRQHandler
                0x0000000008001030                USART2_IRQHandler
                0x0000000008001030                FLASH_IRQHandler
                0x0000000008001030                TIM1_BRK_UP_TRG_COM_IRQHandler
                0x0000000008001030                USART3_4_5_6_IRQHandler
 .text.vListInitialise
                0x0000000008001032       0x16 ./ThirdParty/FreeRTOS/list.o
                0x0000000008001032                vListInitialise
 .text.vListInitialiseItem
                0x0000000008001048        0x6 ./ThirdParty/FreeRTOS/list.o
                0x0000000008001048                vListInitialiseItem
 .text.vListInsertEnd
                0x000000000800104e       0x16 ./ThirdParty/FreeRTOS/list.o
                0x000000000800104e                vListInsertEnd
 .text.vListInsert
                0x0000000008001064       0x2e ./ThirdParty/FreeRTOS/list.o
                0x0000000008001064                vListInsert
 .text.uxListRemove
                0x0000000008001092       0x26 ./ThirdParty/FreeRTOS/list.o
                0x0000000008001092                uxListRemove
 .text.prvIsQueueFull
                0x00000000080010b8       0x1e ./ThirdParty/FreeRTOS/queue.o
 .text.prvIsQueueEmpty
                0x00000000080010d6       0x1c ./ThirdParty/FreeRTOS/queue.o
 .text.prvCopyDataToQueue
                0x00000000080010f2       0x82 ./ThirdParty/FreeRTOS/queue.o
 .text.prvCopyDataFromQueue
                0x0000000008001174       0x24 ./ThirdParty/FreeRTOS/queue.o
 .text.prvUnlockQueue
                0x0000000008001198       0x72 ./ThirdParty/FreeRTOS/queue.o
 .text.xQueueGenericReset
                0x000000000800120a       0x66 ./ThirdParty/FreeRTOS/queue.o
                0x000000000800120a                xQueueGenericReset
 .text.prvInitialiseNewQueue
                0x0000000008001270       0x22 ./ThirdParty/FreeRTOS/queue.o
 .text.xQueueGenericCreate
                0x0000000008001292       0x54 ./ThirdParty/FreeRTOS/queue.o
                0x0000000008001292                xQueueGenericCreate
 .text.xQueueGenericSend
                0x00000000080012e6      0x116 ./ThirdParty/FreeRTOS/queue.o
                0x00000000080012e6                xQueueGenericSend
 .text.xQueueGenericSendFromISR
                0x00000000080013fc       0xae ./ThirdParty/FreeRTOS/queue.o
                0x00000000080013fc                xQueueGenericSendFromISR
 .text.xQueueReceive
                0x00000000080014aa      0x10e ./ThirdParty/FreeRTOS/queue.o
                0x00000000080014aa                xQueueReceive
 .text.vQueueAddToRegistry
                0x00000000080015b8       0x24 ./ThirdParty/FreeRTOS/queue.o
                0x00000000080015b8                vQueueAddToRegistry
 .text.vQueueWaitForMessageRestricted
                0x00000000080015dc       0x50 ./ThirdParty/FreeRTOS/queue.o
                0x00000000080015dc                vQueueWaitForMessageRestricted
 .text.prvTaskIsTaskSuspended
                0x000000000800162c       0x34 ./ThirdParty/FreeRTOS/tasks.o
 .text.prvResetNextTaskUnblockTime
                0x0000000008001660       0x2c ./ThirdParty/FreeRTOS/tasks.o
 .text.prvInitialiseNewTask
                0x000000000800168c       0xb8 ./ThirdParty/FreeRTOS/tasks.o
 .text.prvInitialiseTaskLists
                0x0000000008001744       0x5c ./ThirdParty/FreeRTOS/tasks.o
 .text.prvAddNewTaskToReadyList
                0x00000000080017a0       0x94 ./ThirdParty/FreeRTOS/tasks.o
 .text.prvIdleTask
                0x0000000008001834        0x8 ./ThirdParty/FreeRTOS/tasks.o
 .text.prvAddCurrentTaskToDelayedList
                0x000000000800183c       0x7c ./ThirdParty/FreeRTOS/tasks.o
 .text.xTaskCreate
                0x00000000080018b8       0x60 ./ThirdParty/FreeRTOS/tasks.o
                0x00000000080018b8                xTaskCreate
 .text.vTaskResume
                0x0000000008001918       0x60 ./ThirdParty/FreeRTOS/tasks.o
                0x0000000008001918                vTaskResume
 .text.vTaskStartScheduler
                0x0000000008001978       0x6c ./ThirdParty/FreeRTOS/tasks.o
                0x0000000008001978                vTaskStartScheduler
 .text.vTaskSuspendAll
                0x00000000080019e4       0x10 ./ThirdParty/FreeRTOS/tasks.o
                0x00000000080019e4                vTaskSuspendAll
 .text.xTaskGetTickCount
                0x00000000080019f4        0xc ./ThirdParty/FreeRTOS/tasks.o
                0x00000000080019f4                xTaskGetTickCount
 .text.xTaskIncrementTick
                0x0000000008001a00       0xd4 ./ThirdParty/FreeRTOS/tasks.o
                0x0000000008001a00                xTaskIncrementTick
 .text.xTaskResumeAll
                0x0000000008001ad4       0xd8 ./ThirdParty/FreeRTOS/tasks.o
                0x0000000008001ad4                xTaskResumeAll
 .text.vTaskDelay
                0x0000000008001bac       0x30 ./ThirdParty/FreeRTOS/tasks.o
                0x0000000008001bac                vTaskDelay
 .text.vTaskSwitchContext
                0x0000000008001bdc       0x8c ./ThirdParty/FreeRTOS/tasks.o
                0x0000000008001bdc                vTaskSwitchContext
 .text.vTaskSuspend
                0x0000000008001c68       0xbc ./ThirdParty/FreeRTOS/tasks.o
                0x0000000008001c68                vTaskSuspend
 .text.vTaskPlaceOnEventList
                0x0000000008001d24       0x24 ./ThirdParty/FreeRTOS/tasks.o
                0x0000000008001d24                vTaskPlaceOnEventList
 .text.vTaskPlaceOnEventListRestricted
                0x0000000008001d48       0x30 ./ThirdParty/FreeRTOS/tasks.o
                0x0000000008001d48                vTaskPlaceOnEventListRestricted
 .text.xTaskRemoveFromEventList
                0x0000000008001d78       0x84 ./ThirdParty/FreeRTOS/tasks.o
                0x0000000008001d78                xTaskRemoveFromEventList
 .text.vTaskInternalSetTimeOutState
                0x0000000008001dfc       0x18 ./ThirdParty/FreeRTOS/tasks.o
                0x0000000008001dfc                vTaskInternalSetTimeOutState
 .text.xTaskCheckForTimeOut
                0x0000000008001e14       0x6c ./ThirdParty/FreeRTOS/tasks.o
                0x0000000008001e14                xTaskCheckForTimeOut
 .text.vTaskMissedYield
                0x0000000008001e80        0xc ./ThirdParty/FreeRTOS/tasks.o
                0x0000000008001e80                vTaskMissedYield
 .text.xTaskGetSchedulerState
                0x0000000008001e8c       0x24 ./ThirdParty/FreeRTOS/tasks.o
                0x0000000008001e8c                xTaskGetSchedulerState
 .text.xTaskPriorityDisinherit
                0x0000000008001eb0       0x78 ./ThirdParty/FreeRTOS/tasks.o
                0x0000000008001eb0                xTaskPriorityDisinherit
 .text.prvGetNextExpireTime
                0x0000000008001f28       0x24 ./ThirdParty/FreeRTOS/timers.o
 .text.prvInsertTimerInActiveList
                0x0000000008001f4c       0x48 ./ThirdParty/FreeRTOS/timers.o
 .text.prvCheckForValidListAndQueue
                0x0000000008001f94       0x60 ./ThirdParty/FreeRTOS/timers.o
 .text.xTimerCreateTimerTask
                0x0000000008001ff4       0x40 ./ThirdParty/FreeRTOS/timers.o
                0x0000000008001ff4                xTimerCreateTimerTask
 .text.xTimerGenericCommand
                0x0000000008002034       0x60 ./ThirdParty/FreeRTOS/timers.o
                0x0000000008002034                xTimerGenericCommand
 .text.prvSwitchTimerLists
                0x0000000008002094       0x70 ./ThirdParty/FreeRTOS/timers.o
 .text.prvSampleTimeNow
                0x0000000008002104       0x2c ./ThirdParty/FreeRTOS/timers.o
 .text.prvProcessExpiredTimer
                0x0000000008002130       0x5c ./ThirdParty/FreeRTOS/timers.o
 .text.prvProcessTimerOrBlockTask
                0x000000000800218c       0x70 ./ThirdParty/FreeRTOS/timers.o
 .text.prvProcessReceivedCommands
                0x00000000080021fc       0xdc ./ThirdParty/FreeRTOS/timers.o
 .text.prvTimerTask
                0x00000000080022d8       0x16 ./ThirdParty/FreeRTOS/timers.o
 *fill*         0x00000000080022ee        0x2 
 .text.prvTaskExitError
                0x00000000080022f0       0x24 ./ThirdParty/FreeRTOS/portable/GCC/ARM_CM0/port.o
 *fill*         0x0000000008002314        0xc 
 .text.vPortStartFirstTask
                0x0000000008002320       0x34 ./ThirdParty/FreeRTOS/portable/GCC/ARM_CM0/port.o
 .text.pxPortInitialiseStack
                0x0000000008002354       0x20 ./ThirdParty/FreeRTOS/portable/GCC/ARM_CM0/port.o
                0x0000000008002354                pxPortInitialiseStack
 .text.SVC_Handler
                0x0000000008002374        0x2 ./ThirdParty/FreeRTOS/portable/GCC/ARM_CM0/port.o
                0x0000000008002374                SVC_Handler
 *fill*         0x0000000008002376        0x2 
 .text.vPortYield
                0x0000000008002378       0x18 ./ThirdParty/FreeRTOS/portable/GCC/ARM_CM0/port.o
                0x0000000008002378                vPortYield
 .text.vPortEnterCritical
                0x0000000008002390       0x18 ./ThirdParty/FreeRTOS/portable/GCC/ARM_CM0/port.o
                0x0000000008002390                vPortEnterCritical
 .text.vPortExitCritical
                0x00000000080023a8       0x20 ./ThirdParty/FreeRTOS/portable/GCC/ARM_CM0/port.o
                0x00000000080023a8                vPortExitCritical
 .text.ulSetInterruptMaskFromISR
                0x00000000080023c8        0x8 ./ThirdParty/FreeRTOS/portable/GCC/ARM_CM0/port.o
                0x00000000080023c8                ulSetInterruptMaskFromISR
 .text.vClearInterruptMaskFromISR
                0x00000000080023d0        0x6 ./ThirdParty/FreeRTOS/portable/GCC/ARM_CM0/port.o
                0x00000000080023d0                vClearInterruptMaskFromISR
 *fill*         0x00000000080023d6        0xa 
 .text.PendSV_Handler
                0x00000000080023e0       0x44 ./ThirdParty/FreeRTOS/portable/GCC/ARM_CM0/port.o
                0x00000000080023e0                PendSV_Handler
 .text.SysTick_Handler
                0x0000000008002424       0x24 ./ThirdParty/FreeRTOS/portable/GCC/ARM_CM0/port.o
                0x0000000008002424                SysTick_Handler
 .text.vPortSetupTimerInterrupt
                0x0000000008002448       0x34 ./ThirdParty/FreeRTOS/portable/GCC/ARM_CM0/port.o
                0x0000000008002448                vPortSetupTimerInterrupt
 .text.xPortStartScheduler
                0x000000000800247c       0x3c ./ThirdParty/FreeRTOS/portable/GCC/ARM_CM0/port.o
                0x000000000800247c                xPortStartScheduler
 .text.prvHeapInit
                0x00000000080024b8       0x64 ./ThirdParty/FreeRTOS/portable/MemMang/heap_4.o
 .text.prvInsertBlockIntoFreeList
                0x000000000800251c       0x54 ./ThirdParty/FreeRTOS/portable/MemMang/heap_4.o
 .text.pvPortMalloc
                0x0000000008002570       0xf4 ./ThirdParty/FreeRTOS/portable/MemMang/heap_4.o
                0x0000000008002570                pvPortMalloc
 .text.vPortFree
                0x0000000008002664       0x60 ./ThirdParty/FreeRTOS/portable/MemMang/heap_4.o
                0x0000000008002664                vPortFree
 .text.delay    0x00000000080026c4       0x26 ./drivers/src/generic_api.o
                0x00000000080026c4                delay
 .text.calculateXorChecksum
                0x00000000080026ea       0x18 ./drivers/src/generic_api.o
                0x00000000080026ea                calculateXorChecksum
 .text.encodeData
                0x0000000008002702       0x7a ./drivers/src/generic_api.o
                0x0000000008002702                encodeData
 .text.suspend_systick_tim
                0x000000000800277c       0x10 ./drivers/src/generic_api.o
                0x000000000800277c                suspend_systick_tim
 .text.resume_systick_tim
                0x000000000800278c       0x10 ./drivers/src/generic_api.o
                0x000000000800278c                resume_systick_tim
 .text.TIM_Base_SetConfig
                0x000000000800279c       0x30 ./drivers/src/stm32F030x4_timer_driver.o
                0x000000000800279c                TIM_Base_SetConfig
 .text.TIM_OC1_SetConfig
                0x00000000080027cc       0x2c ./drivers/src/stm32F030x4_timer_driver.o
                0x00000000080027cc                TIM_OC1_SetConfig
 .text.TIM_OC2_SetConfig
                0x00000000080027f8       0x38 ./drivers/src/stm32F030x4_timer_driver.o
                0x00000000080027f8                TIM_OC2_SetConfig
 .text.TIM_OC3_SetConfig
                0x0000000008002830       0x38 ./drivers/src/stm32F030x4_timer_driver.o
                0x0000000008002830                TIM_OC3_SetConfig
 .text.TIM_OC4_SetConfig
                0x0000000008002868       0x3c ./drivers/src/stm32F030x4_timer_driver.o
                0x0000000008002868                TIM_OC4_SetConfig
 .text.TIM_PWM_ConfigChannel
                0x00000000080028a4       0xbc ./drivers/src/stm32F030x4_timer_driver.o
                0x00000000080028a4                TIM_PWM_ConfigChannel
 .text.TIM_CCxChannelCmd
                0x0000000008002960       0x1a ./drivers/src/stm32F030x4_timer_driver.o
                0x0000000008002960                TIM_CCxChannelCmd
 .text.TIM_PWM_Start
                0x000000000800297a       0x1a ./drivers/src/stm32F030x4_timer_driver.o
                0x000000000800297a                TIM_PWM_Start
 .text.GPIO_Init_Base
                0x0000000008002994       0x7c ./drivers/src/stm32f030x4_gpio_driver.o
                0x0000000008002994                GPIO_Init_Base
 .text.GPIO_enable_IT_trigger
                0x0000000008002a10       0x28 ./drivers/src/stm32f030x4_gpio_driver.o
                0x0000000008002a10                GPIO_enable_IT_trigger
 .text.GPIO_ReadFromInputPin
                0x0000000008002a38        0xa ./drivers/src/stm32f030x4_gpio_driver.o
                0x0000000008002a38                GPIO_ReadFromInputPin
 *fill*         0x0000000008002a42        0x2 
 .text.GPIO_IRQInterruptConfig
                0x0000000008002a44       0x30 ./drivers/src/stm32f030x4_gpio_driver.o
                0x0000000008002a44                GPIO_IRQInterruptConfig
 .text.GPIO_IRQPriorityConfig
                0x0000000008002a74       0x24 ./drivers/src/stm32f030x4_gpio_driver.o
                0x0000000008002a74                GPIO_IRQPriorityConfig
 .text.GPIO_IRQHandling
                0x0000000008002a98       0x1c ./drivers/src/stm32f030x4_gpio_driver.o
                0x0000000008002a98                GPIO_IRQHandling
 .text.I2C_ExecuteAddressPhaseWrite
                0x0000000008002ab4       0x18 ./drivers/src/stm32f030x4_i2c_driver.o
 .text.I2C_ExecuteAddressPhaseRead
                0x0000000008002acc       0x1c ./drivers/src/stm32f030x4_i2c_driver.o
 .text.I2C_DisableInterrupts
                0x0000000008002ae8       0x2a ./drivers/src/stm32f030x4_i2c_driver.o
 .text.I2C_GenerateStartCondition
                0x0000000008002b12        0xc ./drivers/src/stm32f030x4_i2c_driver.o
                0x0000000008002b12                I2C_GenerateStartCondition
 *fill*         0x0000000008002b1e        0x2 
 .text.I2C_Init
                0x0000000008002b20       0x40 ./drivers/src/stm32f030x4_i2c_driver.o
                0x0000000008002b20                I2C_Init
 .text.I2C_CloseReceiveData
                0x0000000008002b60       0x14 ./drivers/src/stm32f030x4_i2c_driver.o
                0x0000000008002b60                I2C_CloseReceiveData
 .text.I2C_CloseSendData
                0x0000000008002b74       0x12 ./drivers/src/stm32f030x4_i2c_driver.o
                0x0000000008002b74                I2C_CloseSendData
 .text.I2C_MasterSendDataIT
                0x0000000008002b86       0x5e ./drivers/src/stm32f030x4_i2c_driver.o
                0x0000000008002b86                I2C_MasterSendDataIT
 .text.I2C_MasterReceiveDataIT
                0x0000000008002be4       0x66 ./drivers/src/stm32f030x4_i2c_driver.o
                0x0000000008002be4                I2C_MasterReceiveDataIT
 .text.I2C_EV_IRQHandling
                0x0000000008002c4a       0x86 ./drivers/src/stm32f030x4_i2c_driver.o
                0x0000000008002c4a                I2C_EV_IRQHandling
 .text.USART_Init
                0x0000000008002cd0       0x24 ./drivers/src/stm32f030x4_usart_driver.o
                0x0000000008002cd0                USART_Init
 .text.USART_SendDataIT
                0x0000000008002cf4       0x28 ./drivers/src/stm32f030x4_usart_driver.o
                0x0000000008002cf4                USART_SendDataIT
 .text.USART_ReceiveDataIT
                0x0000000008002d1c       0x1e ./drivers/src/stm32f030x4_usart_driver.o
                0x0000000008002d1c                USART_ReceiveDataIT
 .text.USART_IRQHandling
                0x0000000008002d3a       0xf6 ./drivers/src/stm32f030x4_usart_driver.o
                0x0000000008002d3a                USART_IRQHandling
 .text.chg_read_register
                0x0000000008002e30       0x4c ./middleware/src/CHGBQ25731.o
                0x0000000008002e30                chg_read_register
 .text.chg_write_command
                0x0000000008002e7c       0x2c ./middleware/src/CHGBQ25731.o
                0x0000000008002e7c                chg_write_command
 .text.chg_set_ic_power_mode
                0x0000000008002ea8       0x52 ./middleware/src/CHGBQ25731.o
                0x0000000008002ea8                chg_set_ic_power_mode
 .text.pd_read_register
                0x0000000008002efa       0x4c ./middleware/src/PDTPS257550.o
                0x0000000008002efa                pd_read_register
 *fill*         0x0000000008002f46        0x2 
 .text.pd_get_command_response
                0x0000000008002f48       0x70 ./middleware/src/PDTPS257550.o
 .text.get_task_result
                0x0000000008002fb8       0x28 ./middleware/src/PDTPS257550.o
 .text.pd_write_command
                0x0000000008002fe0       0x2c ./middleware/src/PDTPS257550.o
                0x0000000008002fe0                pd_write_command
 .text.pd_4cc_command
                0x000000000800300c      0x122 ./middleware/src/PDTPS257550.o
                0x000000000800300c                pd_4cc_command
 .text.pd_reset
                0x000000000800312e        0xa ./middleware/src/PDTPS257550.o
                0x000000000800312e                pd_reset
 .text.pd_get_plug_detect
                0x0000000008003138       0x1c ./middleware/src/PDTPS257550.o
                0x0000000008003138                pd_get_plug_detect
 .text.pd_get_power_direction
                0x0000000008003154       0x1c ./middleware/src/PDTPS257550.o
                0x0000000008003154                pd_get_power_direction
 .text.pd_swap_to_source
                0x0000000008003170        0xa ./middleware/src/PDTPS257550.o
                0x0000000008003170                pd_swap_to_source
 .text.pd_swap_to_sink
                0x000000000800317a        0xa ./middleware/src/PDTPS257550.o
                0x000000000800317a                pd_swap_to_sink
 .text.pd_swap_to_UFP
                0x0000000008003184        0xa ./middleware/src/PDTPS257550.o
                0x0000000008003184                pd_swap_to_UFP
 .text.pd_get_dead_flag
                0x000000000800318e       0x46 ./middleware/src/PDTPS257550.o
                0x000000000800318e                pd_get_dead_flag
 .text.pd_get_mode
                0x00000000080031d4       0x9c ./middleware/src/PDTPS257550.o
                0x00000000080031d4                pd_get_mode
 .text.pd_get_sleep_config
                0x0000000008003270       0x1a ./middleware/src/PDTPS257550.o
                0x0000000008003270                pd_get_sleep_config
 .text.pd_set_sleep_config
                0x000000000800328a       0x24 ./middleware/src/PDTPS257550.o
                0x000000000800328a                pd_set_sleep_config
 *fill*         0x00000000080032ae        0x2 
 .text.pd_interrupt_mask
                0x00000000080032b0       0x38 ./middleware/src/PDTPS257550.o
                0x00000000080032b0                pd_interrupt_mask
 .text.pd_interrupt_clear
                0x00000000080032e8       0x58 ./middleware/src/PDTPS257550.o
                0x00000000080032e8                pd_interrupt_clear
 .text.pd_interrupt_clear_all
                0x0000000008003340       0x34 ./middleware/src/PDTPS257550.o
                0x0000000008003340                pd_interrupt_clear_all
 .text.pd_IRQHandling
                0x0000000008003374       0x74 ./middleware/src/PDTPS257550.o
                0x0000000008003374                pd_IRQHandling
 .text.pd_patch_eprom
                0x00000000080033e8       0x22 ./middleware/src/PDTPS257550.o
                0x00000000080033e8                pd_patch_eprom
 *fill*         0x000000000800340a        0x2 
 .text.gauge_read_register
                0x000000000800340c       0x58 ./middleware/src/fuel_gauge.o
 .text.get_bat_SOC
                0x0000000008003464       0x1a ./middleware/src/fuel_gauge.o
                0x0000000008003464                get_bat_SOC
 .text.get_bat_SOH
                0x000000000800347e       0x1a ./middleware/src/fuel_gauge.o
                0x000000000800347e                get_bat_SOH
 .text.get_bat_remaining_capacity
                0x0000000008003498       0x20 ./middleware/src/fuel_gauge.o
                0x0000000008003498                get_bat_remaining_capacity
 .text.get_bat_full_capacity
                0x00000000080034b8       0x20 ./middleware/src/fuel_gauge.o
                0x00000000080034b8                get_bat_full_capacity
 .text.get_bat_voltage
                0x00000000080034d8       0x20 ./middleware/src/fuel_gauge.o
                0x00000000080034d8                get_bat_voltage
 .text.get_bat_current
                0x00000000080034f8       0x20 ./middleware/src/fuel_gauge.o
                0x00000000080034f8                get_bat_current
 .text.get_bat_temperature
                0x0000000008003518       0x20 ./middleware/src/fuel_gauge.o
                0x0000000008003518                get_bat_temperature
 .text.get_bat_time_to_empty
                0x0000000008003538       0x20 ./middleware/src/fuel_gauge.o
                0x0000000008003538                get_bat_time_to_empty
 .text.get_bat_time_to_full
                0x0000000008003558       0x20 ./middleware/src/fuel_gauge.o
                0x0000000008003558                get_bat_time_to_full
 .text.get_bat_report
                0x0000000008003578       0x4c ./middleware/src/fuel_gauge.o
                0x0000000008003578                get_bat_report
 .text.gauge_unseal
                0x00000000080035c4       0xbc ./middleware/src/fuel_gauge.o
                0x00000000080035c4                gauge_unseal
 .text.gauge_reset
                0x0000000008003680       0x38 ./middleware/src/fuel_gauge.o
                0x0000000008003680                gauge_reset
 .text.gauge_full_sleep_enable
                0x00000000080036b8       0x38 ./middleware/src/fuel_gauge.o
                0x00000000080036b8                gauge_full_sleep_enable
 .text.gauge_flash_write_binary
                0x00000000080036f0       0x24 ./middleware/src/fuel_gauge.o
                0x00000000080036f0                gauge_flash_write_binary
 .text.gauge_flash_read_binary
                0x0000000008003714       0x86 ./middleware/src/fuel_gauge.o
                0x0000000008003714                gauge_flash_read_binary
 *fill*         0x000000000800379a        0x2 
 .text.IO_Init  0x000000000800379c       0x94 ./middleware/src/initialise.o
                0x000000000800379c                IO_Init
 .text.USART1_Init
                0x0000000008003830       0x30 ./middleware/src/initialise.o
                0x0000000008003830                USART1_Init
 .text.I2c_Init
                0x0000000008003860       0x2c ./middleware/src/initialise.o
                0x0000000008003860                I2c_Init
 .text.Knock_PD_trigger_IT_enable
                0x000000000800388c       0x18 ./middleware/src/initialise.o
                0x000000000800388c                Knock_PD_trigger_IT_enable
 .text.setLED   0x00000000080038a4       0x30 ./middleware/src/initialise.o
                0x00000000080038a4                setLED
 .text.led_logic_handler
                0x00000000080038d4       0xa2 ./middleware/src/initialise.o
                0x00000000080038d4                led_logic_handler
 *fill*         0x0000000008003976        0x2 
 .text.led_blink
                0x0000000008003978       0x94 ./middleware/src/initialise.o
                0x0000000008003978                led_blink
 .text.dim_led  0x0000000008003a0c       0xb0 ./middleware/src/initialise.o
                0x0000000008003a0c                dim_led
 .text.brighten_led
                0x0000000008003abc       0xc4 ./middleware/src/initialise.o
                0x0000000008003abc                brighten_led
 .text.dim_leds
                0x0000000008003b80       0xbe ./middleware/src/initialise.o
                0x0000000008003b80                dim_leds
 *fill*         0x0000000008003c3e        0x2 
 .text.brighten_leds
                0x0000000008003c40       0xd0 ./middleware/src/initialise.o
                0x0000000008003c40                brighten_leds
 .text.IWDG_Init
                0x0000000008003d10       0x58 ./middleware/src/initialise.o
                0x0000000008003d10                IWDG_Init
 .text.IWDG_Refresh
                0x0000000008003d68        0xc ./middleware/src/initialise.o
                0x0000000008003d68                IWDG_Refresh
 .text.read_i2c_generic
                0x0000000008003d74       0x4e ./middleware/src/initialise.o
                0x0000000008003d74                read_i2c_generic
 *fill*         0x0000000008003dc2        0x2 
 .text.write_i2c_generic
                0x0000000008003dc4       0x30 ./middleware/src/initialise.o
                0x0000000008003dc4                write_i2c_generic
 .text.prepare_to_sleep
                0x0000000008003df4       0x60 ./middleware/src/initialise.o
                0x0000000008003df4                prepare_to_sleep
 .text.prepare_to_wakeup
                0x0000000008003e54       0x38 ./middleware/src/initialise.o
                0x0000000008003e54                prepare_to_wakeup
 .text.__libc_init_array
                0x0000000008003e8c       0x48 c:/st/stm32cubeide_1.9.0/stm32cubeide/plugins/com.st.stm32cube.ide.mcu.externaltools.gnu-tools-for-stm32.10.3-2021.10.win32_1.0.0.202111181127/tools/bin/../lib/gcc/arm-none-eabi/10.3.1/../../../../arm-none-eabi/lib/thumb/v6-m/nofp\libc_nano.a(lib_a-init.o)
                0x0000000008003e8c                __libc_init_array
 .text.memcpy   0x0000000008003ed4       0x12 c:/st/stm32cubeide_1.9.0/stm32cubeide/plugins/com.st.stm32cube.ide.mcu.externaltools.gnu-tools-for-stm32.10.3-2021.10.win32_1.0.0.202111181127/tools/bin/../lib/gcc/arm-none-eabi/10.3.1/../../../../arm-none-eabi/lib/thumb/v6-m/nofp\libc_nano.a(lib_a-memcpy-stub.o)
                0x0000000008003ed4                memcpy
 .text.memset   0x0000000008003ee6       0x10 c:/st/stm32cubeide_1.9.0/stm32cubeide/plugins/com.st.stm32cube.ide.mcu.externaltools.gnu-tools-for-stm32.10.3-2021.10.win32_1.0.0.202111181127/tools/bin/../lib/gcc/arm-none-eabi/10.3.1/../../../../arm-none-eabi/lib/thumb/v6-m/nofp\libc_nano.a(lib_a-memset.o)
                0x0000000008003ee6                memset
 *(.glue_7)
 .glue_7        0x0000000008003ef6        0x0 linker stubs
 *(.glue_7t)
 .glue_7t       0x0000000008003ef6        0x0 linker stubs
 *(.eh_frame)
 *fill*         0x0000000008003ef6        0x2 
 .eh_frame      0x0000000008003ef8        0x0 c:/st/stm32cubeide_1.9.0/stm32cubeide/plugins/com.st.stm32cube.ide.mcu.externaltools.gnu-tools-for-stm32.10.3-2021.10.win32_1.0.0.202111181127/tools/bin/../lib/gcc/arm-none-eabi/10.3.1/thumb/v6-m/nofp/crtbegin.o
 *(.init)
 .init          0x0000000008003ef8        0x4 c:/st/stm32cubeide_1.9.0/stm32cubeide/plugins/com.st.stm32cube.ide.mcu.externaltools.gnu-tools-for-stm32.10.3-2021.10.win32_1.0.0.202111181127/tools/bin/../lib/gcc/arm-none-eabi/10.3.1/thumb/v6-m/nofp/crti.o
                0x0000000008003ef8                _init
 .init          0x0000000008003efc        0x8 c:/st/stm32cubeide_1.9.0/stm32cubeide/plugins/com.st.stm32cube.ide.mcu.externaltools.gnu-tools-for-stm32.10.3-2021.10.win32_1.0.0.202111181127/tools/bin/../lib/gcc/arm-none-eabi/10.3.1/thumb/v6-m/nofp/crtn.o
 *(.fini)
 .fini          0x0000000008003f04        0x4 c:/st/stm32cubeide_1.9.0/stm32cubeide/plugins/com.st.stm32cube.ide.mcu.externaltools.gnu-tools-for-stm32.10.3-2021.10.win32_1.0.0.202111181127/tools/bin/../lib/gcc/arm-none-eabi/10.3.1/thumb/v6-m/nofp/crti.o
                0x0000000008003f04                _fini
 .fini          0x0000000008003f08        0x8 c:/st/stm32cubeide_1.9.0/stm32cubeide/plugins/com.st.stm32cube.ide.mcu.externaltools.gnu-tools-for-stm32.10.3-2021.10.win32_1.0.0.202111181127/tools/bin/../lib/gcc/arm-none-eabi/10.3.1/thumb/v6-m/nofp/crtn.o
                0x0000000008003f10                . = ALIGN (0x4)
                0x0000000008003f10                _etext = .

.vfp11_veneer   0x0000000008003f10        0x0
 .vfp11_veneer  0x0000000008003f10        0x0 linker stubs

.v4_bx          0x0000000008003f10        0x0
 .v4_bx         0x0000000008003f10        0x0 linker stubs

.iplt           0x0000000008003f10        0x0
 .iplt          0x0000000008003f10        0x0 c:/st/stm32cubeide_1.9.0/stm32cubeide/plugins/com.st.stm32cube.ide.mcu.externaltools.gnu-tools-for-stm32.10.3-2021.10.win32_1.0.0.202111181127/tools/bin/../lib/gcc/arm-none-eabi/10.3.1/thumb/v6-m/nofp/crtbegin.o

.rodata         0x0000000008003f10       0x74
                0x0000000008003f10                . = ALIGN (0x4)
 *(.rodata)
 .rodata        0x0000000008003f10       0x1b ./middleware/src/fuel_gauge.o
 *(.rodata*)
 *fill*         0x0000000008003f2b        0x1 
 .rodata.main.str1.4
                0x0000000008003f2c       0x18 ./Src/app.o
 .rodata.vTaskStartScheduler.str1.4
                0x0000000008003f44        0x5 ./ThirdParty/FreeRTOS/tasks.o
 *fill*         0x0000000008003f49        0x3 
 .rodata.prvCheckForValidListAndQueue.str1.4
                0x0000000008003f4c        0x5 ./ThirdParty/FreeRTOS/timers.o
 *fill*         0x0000000008003f51        0x3 
 .rodata.xTimerCreateTimerTask.str1.4
                0x0000000008003f54        0x8 ./ThirdParty/FreeRTOS/timers.o
 .rodata.prvProcessReceivedCommands
                0x0000000008003f5c       0x28 ./ThirdParty/FreeRTOS/timers.o
                0x0000000008003f84                . = ALIGN (0x4)

.rel.dyn        0x0000000008003f84        0x0
 .rel.iplt      0x0000000008003f84        0x0 c:/st/stm32cubeide_1.9.0/stm32cubeide/plugins/com.st.stm32cube.ide.mcu.externaltools.gnu-tools-for-stm32.10.3-2021.10.win32_1.0.0.202111181127/tools/bin/../lib/gcc/arm-none-eabi/10.3.1/thumb/v6-m/nofp/crtbegin.o

.ARM.extab      0x0000000008003f84        0x0
                0x0000000008003f84                . = ALIGN (0x4)
 *(.ARM.extab* .gnu.linkonce.armextab.*)
                0x0000000008003f84                . = ALIGN (0x4)

.ARM            0x0000000008003f84        0x0
                0x0000000008003f84                . = ALIGN (0x4)
                0x0000000008003f84                __exidx_start = .
 *(.ARM.exidx*)
                0x0000000008003f84                __exidx_end = .
                0x0000000008003f84                . = ALIGN (0x4)

.preinit_array  0x0000000008003f84        0x0
                0x0000000008003f84                . = ALIGN (0x4)
                0x0000000008003f84                PROVIDE (__preinit_array_start = .)
 *(.preinit_array*)
                0x0000000008003f84                PROVIDE (__preinit_array_end = .)
                0x0000000008003f84                . = ALIGN (0x4)

.init_array     0x0000000008003f84        0x4
                0x0000000008003f84                . = ALIGN (0x4)
                0x0000000008003f84                PROVIDE (__init_array_start = .)
 *(SORT_BY_NAME(.init_array.*))
 *(.init_array*)
 .init_array    0x0000000008003f84        0x4 c:/st/stm32cubeide_1.9.0/stm32cubeide/plugins/com.st.stm32cube.ide.mcu.externaltools.gnu-tools-for-stm32.10.3-2021.10.win32_1.0.0.202111181127/tools/bin/../lib/gcc/arm-none-eabi/10.3.1/thumb/v6-m/nofp/crtbegin.o
                0x0000000008003f88                PROVIDE (__init_array_end = .)
                0x0000000008003f88                . = ALIGN (0x4)

.fini_array     0x0000000008003f88        0x4
                0x0000000008003f88                . = ALIGN (0x4)
                [!provide]                        PROVIDE (__fini_array_start = .)
 *(SORT_BY_NAME(.fini_array.*))
 *(.fini_array*)
 .fini_array    0x0000000008003f88        0x4 c:/st/stm32cubeide_1.9.0/stm32cubeide/plugins/com.st.stm32cube.ide.mcu.externaltools.gnu-tools-for-stm32.10.3-2021.10.win32_1.0.0.202111181127/tools/bin/../lib/gcc/arm-none-eabi/10.3.1/thumb/v6-m/nofp/crtbegin.o
                [!provide]                        PROVIDE (__fini_array_end = .)
                0x0000000008003f8c                . = ALIGN (0x4)
                0x0000000008003f8c                _sidata = LOADADDR (.data)

.data           0x0000000020000000       0x68 load address 0x0000000008003f8c
                0x0000000020000000                . = ALIGN (0x4)
                0x0000000020000000                _sdata = .
 *(.data)
 *(.data*)
 .data.SystemCoreClock
                0x0000000020000000        0x4 ./Src/app.o
                0x0000000020000000                SystemCoreClock
 .data.charge_ok
                0x0000000020000004        0x1 ./Src/app.o
                0x0000000020000004                charge_ok
 .data.charge_ok_val
                0x0000000020000005        0x1 ./Src/app.o
                0x0000000020000005                charge_ok_val
 .data.deviceTaskDelay
                0x0000000020000006        0x2 ./Src/app.o
                0x0000000020000006                deviceTaskDelay
 .data.lastPowerDirection
                0x0000000020000008        0x1 ./Src/app.o
                0x0000000020000008                lastPowerDirection
 *fill*         0x0000000020000009        0x3 
 .data.leds     0x000000002000000c        0x3 ./Src/app.o
                0x000000002000000c                leds
 .data.pd_mode  0x000000002000000f        0x1 ./Src/app.o
                0x000000002000000f                pd_mode
 .data.rcv_len  0x0000000020000010        0x1 ./Src/app.o
                0x0000000020000010                rcv_len
 *fill*         0x0000000020000011        0x3 
 .data.rx_buf   0x0000000020000014       0x46 ./Src/app.o
                0x0000000020000014                rx_buf
 *fill*         0x000000002000005a        0x2 
 .data.uxTopUsedPriority
                0x000000002000005c        0x4 ./ThirdParty/FreeRTOS/tasks.o
                0x000000002000005c                uxTopUsedPriority
 .data.uxCriticalNesting
                0x0000000020000060        0x4 ./ThirdParty/FreeRTOS/portable/GCC/ARM_CM0/port.o
 .data.power_direction
                0x0000000020000064        0x1 ./middleware/src/PDTPS257550.o
                0x0000000020000064                power_direction
 *(.RamFunc)
 *(.RamFunc*)
                0x0000000020000068                . = ALIGN (0x4)
 *fill*         0x0000000020000065        0x3 
                0x0000000020000068                _edata = .

.igot.plt       0x0000000020000068        0x0 load address 0x0000000008003ff4
 .igot.plt      0x0000000020000068        0x0 c:/st/stm32cubeide_1.9.0/stm32cubeide/plugins/com.st.stm32cube.ide.mcu.externaltools.gnu-tools-for-stm32.10.3-2021.10.win32_1.0.0.202111181127/tools/bin/../lib/gcc/arm-none-eabi/10.3.1/thumb/v6-m/nofp/crtbegin.o
                0x0000000020000068                . = ALIGN (0x4)

.bss            0x0000000020000068      0x924 load address 0x0000000008003ff4
                0x0000000020000068                _sbss = .
                0x0000000020000068                __bss_start__ = _sbss
 *(.bss)
 .bss           0x0000000020000068       0x1c c:/st/stm32cubeide_1.9.0/stm32cubeide/plugins/com.st.stm32cube.ide.mcu.externaltools.gnu-tools-for-stm32.10.3-2021.10.win32_1.0.0.202111181127/tools/bin/../lib/gcc/arm-none-eabi/10.3.1/thumb/v6-m/nofp/crtbegin.o
 *(.bss*)
 .bss.bat_soc   0x0000000020000084        0x1 ./Src/app.o
                0x0000000020000084                bat_soc
 .bss.chargeOKCycleCount
                0x0000000020000085        0x1 ./Src/app.o
                0x0000000020000085                chargeOKCycleCount
 .bss.currentSOC
                0x0000000020000086        0x1 ./Src/app.o
                0x0000000020000086                currentSOC
 *fill*         0x0000000020000087        0x1 
 .bss.current_brightness
                0x0000000020000088        0x6 ./Src/app.o
                0x0000000020000088                current_brightness
 .bss.deadBatFlag
                0x000000002000008e        0x1 ./Src/app.o
                0x000000002000008e                deadBatFlag
 *fill*         0x000000002000008f        0x1 
 .bss.deviceTask_handle
                0x0000000020000090        0x4 ./Src/app.o
                0x0000000020000090                deviceTask_handle
 .bss.deviceUpdateLED
                0x0000000020000094        0x1 ./Src/app.o
                0x0000000020000094                deviceUpdateLED
 .bss.encDataLen
                0x0000000020000095        0x1 ./Src/app.o
                0x0000000020000095                encDataLen
 *fill*         0x0000000020000096        0x2 
 .bss.encMsg    0x0000000020000098       0x14 ./Src/app.o
                0x0000000020000098                encMsg
 .bss.hostComms_handle
                0x00000000200000ac        0x4 ./Src/app.o
                0x00000000200000ac                hostComms_handle
 .bss.knockActiveCount
                0x00000000200000b0        0x1 ./Src/app.o
                0x00000000200000b0                knockActiveCount
 .bss.knocked   0x00000000200000b1        0x1 ./Src/app.o
                0x00000000200000b1                knocked
 .bss.ledLowCount
                0x00000000200000b2        0x1 ./Src/app.o
                0x00000000200000b2                ledLowCount
 *fill*         0x00000000200000b3        0x1 
 .bss.leds_to_control
                0x00000000200000b4        0x3 ./Src/app.o
                0x00000000200000b4                leds_to_control
 .bss.lowBatteryUserNotified
                0x00000000200000b7        0x1 ./Src/app.o
                0x00000000200000b7                lowBatteryUserNotified
 .bss.msg       0x00000000200000b8       0x46 ./Src/app.o
                0x00000000200000b8                msg
 .bss.patchSize
                0x00000000200000fe        0x2 ./Src/app.o
                0x00000000200000fe                patchSize
 .bss.pbatReport
                0x0000000020000100       0x10 ./Src/app.o
                0x0000000020000100                pbatReport
 .bss.rxCount   0x0000000020000110        0x1 ./Src/app.o
                0x0000000020000110                rxCount
 .bss.sourceCountDone
                0x0000000020000111        0x1 ./Src/app.o
                0x0000000020000111                sourceCountDone
 .bss.sourceLEDCount
                0x0000000020000112        0x1 ./Src/app.o
                0x0000000020000112                sourceLEDCount
 .bss.system_mode
                0x0000000020000113        0x1 ./Src/app.o
                0x0000000020000113                system_mode
 .bss.xQueueRegistry
                0x0000000020000114       0x40 ./ThirdParty/FreeRTOS/queue.o
                0x0000000020000114                xQueueRegistry
 .bss.pxCurrentTCB
                0x0000000020000154        0x4 ./ThirdParty/FreeRTOS/tasks.o
                0x0000000020000154                pxCurrentTCB
 .bss.pxDelayedTaskList
                0x0000000020000158        0x4 ./ThirdParty/FreeRTOS/tasks.o
 .bss.pxOverflowDelayedTaskList
                0x000000002000015c        0x4 ./ThirdParty/FreeRTOS/tasks.o
 .bss.pxReadyTasksLists
                0x0000000020000160       0x64 ./ThirdParty/FreeRTOS/tasks.o
 .bss.uxCurrentNumberOfTasks
                0x00000000200001c4        0x4 ./ThirdParty/FreeRTOS/tasks.o
 .bss.uxSchedulerSuspended
                0x00000000200001c8        0x4 ./ThirdParty/FreeRTOS/tasks.o
 .bss.uxTaskNumber
                0x00000000200001cc        0x4 ./ThirdParty/FreeRTOS/tasks.o
 .bss.uxTopReadyPriority
                0x00000000200001d0        0x4 ./ThirdParty/FreeRTOS/tasks.o
 .bss.xDelayedTaskList1
                0x00000000200001d4       0x14 ./ThirdParty/FreeRTOS/tasks.o
 .bss.xDelayedTaskList2
                0x00000000200001e8       0x14 ./ThirdParty/FreeRTOS/tasks.o
 .bss.xIdleTaskHandle
                0x00000000200001fc        0x4 ./ThirdParty/FreeRTOS/tasks.o
 .bss.xNextTaskUnblockTime
                0x0000000020000200        0x4 ./ThirdParty/FreeRTOS/tasks.o
 .bss.xNumOfOverflows
                0x0000000020000204        0x4 ./ThirdParty/FreeRTOS/tasks.o
 .bss.xPendedTicks
                0x0000000020000208        0x4 ./ThirdParty/FreeRTOS/tasks.o
 .bss.xPendingReadyList
                0x000000002000020c       0x14 ./ThirdParty/FreeRTOS/tasks.o
 .bss.xSchedulerRunning
                0x0000000020000220        0x4 ./ThirdParty/FreeRTOS/tasks.o
 .bss.xSuspendedTaskList
                0x0000000020000224       0x14 ./ThirdParty/FreeRTOS/tasks.o
 .bss.xTickCount
                0x0000000020000238        0x4 ./ThirdParty/FreeRTOS/tasks.o
 .bss.xYieldPending
                0x000000002000023c        0x4 ./ThirdParty/FreeRTOS/tasks.o
 .bss.pxCurrentTimerList
                0x0000000020000240        0x4 ./ThirdParty/FreeRTOS/timers.o
 .bss.pxOverflowTimerList
                0x0000000020000244        0x4 ./ThirdParty/FreeRTOS/timers.o
 .bss.xActiveTimerList1
                0x0000000020000248       0x14 ./ThirdParty/FreeRTOS/timers.o
 .bss.xActiveTimerList2
                0x000000002000025c       0x14 ./ThirdParty/FreeRTOS/timers.o
 .bss.xLastTime.0
                0x0000000020000270        0x4 ./ThirdParty/FreeRTOS/timers.o
 .bss.xTimerQueue
                0x0000000020000274        0x4 ./ThirdParty/FreeRTOS/timers.o
 .bss.xTimerTaskHandle
                0x0000000020000278        0x4 ./ThirdParty/FreeRTOS/timers.o
 .bss.pxEnd     0x000000002000027c        0x4 ./ThirdParty/FreeRTOS/portable/MemMang/heap_4.o
 .bss.ucHeap    0x0000000020000280      0x672 ./ThirdParty/FreeRTOS/portable/MemMang/heap_4.o
 *fill*         0x00000000200008f2        0x2 
 .bss.xBlockAllocatedBit
                0x00000000200008f4        0x4 ./ThirdParty/FreeRTOS/portable/MemMang/heap_4.o
 .bss.xFreeBytesRemaining
                0x00000000200008f8        0x4 ./ThirdParty/FreeRTOS/portable/MemMang/heap_4.o
 .bss.xMinimumEverFreeBytesRemaining
                0x00000000200008fc        0x4 ./ThirdParty/FreeRTOS/portable/MemMang/heap_4.o
 .bss.xNumberOfSuccessfulAllocations
                0x0000000020000900        0x4 ./ThirdParty/FreeRTOS/portable/MemMang/heap_4.o
 .bss.xNumberOfSuccessfulFrees
                0x0000000020000904        0x4 ./ThirdParty/FreeRTOS/portable/MemMang/heap_4.o
 .bss.xStart    0x0000000020000908        0x8 ./ThirdParty/FreeRTOS/portable/MemMang/heap_4.o
 .bss.plugAction
                0x0000000020000910        0x1 ./middleware/src/PDTPS257550.o
                0x0000000020000910                plugAction
 *fill*         0x0000000020000911        0x3 
 .bss.regData   0x0000000020000914        0x5 ./middleware/src/PDTPS257550.o
 *fill*         0x0000000020000919        0x3 
 .bss.I2C1Handle
                0x000000002000091c       0x20 ./middleware/src/initialise.o
                0x000000002000091c                I2C1Handle
 .bss.hiwdg     0x000000002000093c       0x10 ./middleware/src/initialise.o
                0x000000002000093c                hiwdg
 .bss.htim3     0x000000002000094c       0x20 ./middleware/src/initialise.o
                0x000000002000094c                htim3
 .bss.usart1_handle
                0x000000002000096c       0x20 ./middleware/src/initialise.o
                0x000000002000096c                usart1_handle
 *(COMMON)
                0x000000002000098c                . = ALIGN (0x4)
                0x000000002000098c                _ebss = .
                0x000000002000098c                __bss_end__ = _ebss

._user_heap_stack
                0x000000002000098c      0x604 load address 0x0000000008003ff4
                0x0000000020000990                . = ALIGN (0x8)
 *fill*         0x000000002000098c        0x4 
                0x0000000020000990                PROVIDE (end = .)
                [!provide]                        PROVIDE (_end = .)
                0x0000000020000b90                . = (. + _Min_Heap_Size)
 *fill*         0x0000000020000990      0x200 
                0x0000000020000f90                . = (. + _Min_Stack_Size)
 *fill*         0x0000000020000b90      0x400 
                0x0000000020000f90                . = ALIGN (0x8)

/DISCARD/
 libc.a(*)
 libm.a(*)
 libgcc.a(*)

.ARM.attributes
                0x0000000000000000       0x28
 *(.ARM.attributes)
 .ARM.attributes
                0x0000000000000000       0x1e c:/st/stm32cubeide_1.9.0/stm32cubeide/plugins/com.st.stm32cube.ide.mcu.externaltools.gnu-tools-for-stm32.10.3-2021.10.win32_1.0.0.202111181127/tools/bin/../lib/gcc/arm-none-eabi/10.3.1/thumb/v6-m/nofp/crti.o
 .ARM.attributes
                0x000000000000001e       0x2c c:/st/stm32cubeide_1.9.0/stm32cubeide/plugins/com.st.stm32cube.ide.mcu.externaltools.gnu-tools-for-stm32.10.3-2021.10.win32_1.0.0.202111181127/tools/bin/../lib/gcc/arm-none-eabi/10.3.1/thumb/v6-m/nofp/crtbegin.o
 .ARM.attributes
                0x000000000000004a       0x2c ./Src/app.o
 .ARM.attributes
                0x0000000000000076       0x21 ./Startup/startup_stm32f030f4px.o
 .ARM.attributes
                0x0000000000000097       0x2c ./ThirdParty/FreeRTOS/list.o
 .ARM.attributes
                0x00000000000000c3       0x2c ./ThirdParty/FreeRTOS/queue.o
 .ARM.attributes
                0x00000000000000ef       0x2c ./ThirdParty/FreeRTOS/tasks.o
 .ARM.attributes
                0x000000000000011b       0x2c ./ThirdParty/FreeRTOS/timers.o
 .ARM.attributes
                0x0000000000000147       0x2c ./ThirdParty/FreeRTOS/portable/GCC/ARM_CM0/port.o
 .ARM.attributes
                0x0000000000000173       0x2c ./ThirdParty/FreeRTOS/portable/MemMang/heap_4.o
 .ARM.attributes
                0x000000000000019f       0x2c ./drivers/src/generic_api.o
 .ARM.attributes
                0x00000000000001cb       0x2c ./drivers/src/stm32F030x4_timer_driver.o
 .ARM.attributes
                0x00000000000001f7       0x2c ./drivers/src/stm32f030x4_gpio_driver.o
 .ARM.attributes
                0x0000000000000223       0x2c ./drivers/src/stm32f030x4_i2c_driver.o
 .ARM.attributes
                0x000000000000024f       0x2c ./drivers/src/stm32f030x4_usart_driver.o
 .ARM.attributes
                0x000000000000027b       0x2c ./middleware/src/CHGBQ25731.o
 .ARM.attributes
                0x00000000000002a7       0x2c ./middleware/src/PDTPS257550.o
 .ARM.attributes
                0x00000000000002d3       0x2c ./middleware/src/fuel_gauge.o
 .ARM.attributes
                0x00000000000002ff       0x2c ./middleware/src/initialise.o
 .ARM.attributes
                0x000000000000032b       0x2c c:/st/stm32cubeide_1.9.0/stm32cubeide/plugins/com.st.stm32cube.ide.mcu.externaltools.gnu-tools-for-stm32.10.3-2021.10.win32_1.0.0.202111181127/tools/bin/../lib/gcc/arm-none-eabi/10.3.1/../../../../arm-none-eabi/lib/thumb/v6-m/nofp\libc_nano.a(lib_a-init.o)
 .ARM.attributes
                0x0000000000000357       0x2c c:/st/stm32cubeide_1.9.0/stm32cubeide/plugins/com.st.stm32cube.ide.mcu.externaltools.gnu-tools-for-stm32.10.3-2021.10.win32_1.0.0.202111181127/tools/bin/../lib/gcc/arm-none-eabi/10.3.1/../../../../arm-none-eabi/lib/thumb/v6-m/nofp\libc_nano.a(lib_a-memcpy-stub.o)
 .ARM.attributes
                0x0000000000000383       0x2c c:/st/stm32cubeide_1.9.0/stm32cubeide/plugins/com.st.stm32cube.ide.mcu.externaltools.gnu-tools-for-stm32.10.3-2021.10.win32_1.0.0.202111181127/tools/bin/../lib/gcc/arm-none-eabi/10.3.1/../../../../arm-none-eabi/lib/thumb/v6-m/nofp\libc_nano.a(lib_a-memset.o)
 .ARM.attributes
                0x00000000000003af       0x1e c:/st/stm32cubeide_1.9.0/stm32cubeide/plugins/com.st.stm32cube.ide.mcu.externaltools.gnu-tools-for-stm32.10.3-2021.10.win32_1.0.0.202111181127/tools/bin/../lib/gcc/arm-none-eabi/10.3.1/thumb/v6-m/nofp\libgcc.a(_udivsi3.o)
 .ARM.attributes
                0x00000000000003cd       0x1e c:/st/stm32cubeide_1.9.0/stm32cubeide/plugins/com.st.stm32cube.ide.mcu.externaltools.gnu-tools-for-stm32.10.3-2021.10.win32_1.0.0.202111181127/tools/bin/../lib/gcc/arm-none-eabi/10.3.1/thumb/v6-m/nofp\libgcc.a(_dvmd_tls.o)
 .ARM.attributes
                0x00000000000003eb       0x1e c:/st/stm32cubeide_1.9.0/stm32cubeide/plugins/com.st.stm32cube.ide.mcu.externaltools.gnu-tools-for-stm32.10.3-2021.10.win32_1.0.0.202111181127/tools/bin/../lib/gcc/arm-none-eabi/10.3.1/thumb/v6-m/nofp/crtn.o
OUTPUT(volta_device.elf elf32-littlearm)
LOAD linker stubs
LOAD c:/st/stm32cubeide_1.9.0/stm32cubeide/plugins/com.st.stm32cube.ide.mcu.externaltools.gnu-tools-for-stm32.10.3-2021.10.win32_1.0.0.202111181127/tools/bin/../lib/gcc/arm-none-eabi/10.3.1/../../../../arm-none-eabi/lib/thumb/v6-m/nofp\libc.a
LOAD c:/st/stm32cubeide_1.9.0/stm32cubeide/plugins/com.st.stm32cube.ide.mcu.externaltools.gnu-tools-for-stm32.10.3-2021.10.win32_1.0.0.202111181127/tools/bin/../lib/gcc/arm-none-eabi/10.3.1/../../../../arm-none-eabi/lib/thumb/v6-m/nofp\libm.a
LOAD c:/st/stm32cubeide_1.9.0/stm32cubeide/plugins/com.st.stm32cube.ide.mcu.externaltools.gnu-tools-for-stm32.10.3-2021.10.win32_1.0.0.202111181127/tools/bin/../lib/gcc/arm-none-eabi/10.3.1/thumb/v6-m/nofp\libgcc.a

.debug_info     0x0000000000000000     0xe51a
 .debug_info    0x0000000000000000     0x1e5c ./Src/app.o
 .debug_info    0x0000000000001e5c       0x22 ./Startup/startup_stm32f030f4px.o
 .debug_info    0x0000000000001e7e      0x2e4 ./ThirdParty/FreeRTOS/list.o
 .debug_info    0x0000000000002162     0x1ddf ./ThirdParty/FreeRTOS/queue.o
 .debug_info    0x0000000000003f41     0x249a ./ThirdParty/FreeRTOS/tasks.o
 .debug_info    0x00000000000063db     0x127f ./ThirdParty/FreeRTOS/timers.o
 .debug_info    0x000000000000765a      0x312 ./ThirdParty/FreeRTOS/portable/GCC/ARM_CM0/port.o
 .debug_info    0x000000000000796c      0x532 ./ThirdParty/FreeRTOS/portable/MemMang/heap_4.o
 .debug_info    0x0000000000007e9e      0x9e9 ./drivers/src/generic_api.o
 .debug_info    0x0000000000008887      0x66d ./drivers/src/stm32F030x4_timer_driver.o
 .debug_info    0x0000000000008ef4      0x515 ./drivers/src/stm32f030x4_gpio_driver.o
 .debug_info    0x0000000000009409      0x684 ./drivers/src/stm32f030x4_i2c_driver.o
 .debug_info    0x0000000000009a8d      0x677 ./drivers/src/stm32f030x4_usart_driver.o
 .debug_info    0x000000000000a104      0xc3c ./middleware/src/CHGBQ25731.o
 .debug_info    0x000000000000ad40     0x12d2 ./middleware/src/PDTPS257550.o
 .debug_info    0x000000000000c012     0x100e ./middleware/src/fuel_gauge.o
 .debug_info    0x000000000000d020     0x14fa ./middleware/src/initialise.o

.debug_abbrev   0x0000000000000000     0x2351
 .debug_abbrev  0x0000000000000000      0x364 ./Src/app.o
 .debug_abbrev  0x0000000000000364       0x12 ./Startup/startup_stm32f030f4px.o
 .debug_abbrev  0x0000000000000376      0x109 ./ThirdParty/FreeRTOS/list.o
 .debug_abbrev  0x000000000000047f      0x2e3 ./ThirdParty/FreeRTOS/queue.o
 .debug_abbrev  0x0000000000000762      0x322 ./ThirdParty/FreeRTOS/tasks.o
 .debug_abbrev  0x0000000000000a84      0x2ad ./ThirdParty/FreeRTOS/timers.o
 .debug_abbrev  0x0000000000000d31      0x1e4 ./ThirdParty/FreeRTOS/portable/GCC/ARM_CM0/port.o
 .debug_abbrev  0x0000000000000f15      0x208 ./ThirdParty/FreeRTOS/portable/MemMang/heap_4.o
 .debug_abbrev  0x000000000000111d      0x25e ./drivers/src/generic_api.o
 .debug_abbrev  0x000000000000137b      0x147 ./drivers/src/stm32F030x4_timer_driver.o
 .debug_abbrev  0x00000000000014c2      0x192 ./drivers/src/stm32f030x4_gpio_driver.o
 .debug_abbrev  0x0000000000001654      0x1b8 ./drivers/src/stm32f030x4_i2c_driver.o
 .debug_abbrev  0x000000000000180c      0x17b ./drivers/src/stm32f030x4_usart_driver.o
 .debug_abbrev  0x0000000000001987      0x198 ./middleware/src/CHGBQ25731.o
 .debug_abbrev  0x0000000000001b1f      0x297 ./middleware/src/PDTPS257550.o
 .debug_abbrev  0x0000000000001db6      0x1e9 ./middleware/src/fuel_gauge.o
 .debug_abbrev  0x0000000000001f9f      0x3b2 ./middleware/src/initialise.o

.debug_loc      0x0000000000000000     0x9a3a
 .debug_loc     0x0000000000000000      0x83b ./Src/app.o
 .debug_loc     0x000000000000083b       0xad ./ThirdParty/FreeRTOS/list.o
 .debug_loc     0x00000000000008e8     0x1f85 ./ThirdParty/FreeRTOS/queue.o
 .debug_loc     0x000000000000286d     0x242c ./ThirdParty/FreeRTOS/tasks.o
 .debug_loc     0x0000000000004c99      0xf32 ./ThirdParty/FreeRTOS/timers.o
 .debug_loc     0x0000000000005bcb       0xbe ./ThirdParty/FreeRTOS/portable/GCC/ARM_CM0/port.o
 .debug_loc     0x0000000000005c89      0x441 ./ThirdParty/FreeRTOS/portable/MemMang/heap_4.o
 .debug_loc     0x00000000000060ca      0x681 ./drivers/src/generic_api.o
 .debug_loc     0x000000000000674b      0x49a ./drivers/src/stm32F030x4_timer_driver.o
 .debug_loc     0x0000000000006be5      0x1c0 ./drivers/src/stm32f030x4_gpio_driver.o
 .debug_loc     0x0000000000006da5      0x445 ./drivers/src/stm32f030x4_i2c_driver.o
 .debug_loc     0x00000000000071ea      0x46a ./drivers/src/stm32f030x4_usart_driver.o
 .debug_loc     0x0000000000007654      0x77f ./middleware/src/CHGBQ25731.o
 .debug_loc     0x0000000000007dd3      0xab9 ./middleware/src/PDTPS257550.o
 .debug_loc     0x000000000000888c      0x7a9 ./middleware/src/fuel_gauge.o
 .debug_loc     0x0000000000009035      0xa05 ./middleware/src/initialise.o

.debug_aranges  0x0000000000000000      0xac8
 .debug_aranges
                0x0000000000000000       0x80 ./Src/app.o
 .debug_aranges
                0x0000000000000080       0x28 ./Startup/startup_stm32f030f4px.o
 .debug_aranges
                0x00000000000000a8       0x40 ./ThirdParty/FreeRTOS/list.o
 .debug_aranges
                0x00000000000000e8      0x130 ./ThirdParty/FreeRTOS/queue.o
 .debug_aranges
                0x0000000000000218      0x1c0 ./ThirdParty/FreeRTOS/tasks.o
 .debug_aranges
                0x00000000000003d8       0xd8 ./ThirdParty/FreeRTOS/timers.o
 .debug_aranges
                0x00000000000004b0       0x88 ./ThirdParty/FreeRTOS/portable/GCC/ARM_CM0/port.o
 .debug_aranges
                0x0000000000000538       0x58 ./ThirdParty/FreeRTOS/portable/MemMang/heap_4.o
 .debug_aranges
                0x0000000000000590       0x78 ./drivers/src/generic_api.o
 .debug_aranges
                0x0000000000000608       0x58 ./drivers/src/stm32F030x4_timer_driver.o
 .debug_aranges
                0x0000000000000660       0x50 ./drivers/src/stm32f030x4_gpio_driver.o
 .debug_aranges
                0x00000000000006b0       0x88 ./drivers/src/stm32f030x4_i2c_driver.o
 .debug_aranges
                0x0000000000000738       0x60 ./drivers/src/stm32f030x4_usart_driver.o
 .debug_aranges
                0x0000000000000798       0xc8 ./middleware/src/CHGBQ25731.o
 .debug_aranges
                0x0000000000000860       0xe8 ./middleware/src/PDTPS257550.o
 .debug_aranges
                0x0000000000000948       0xc0 ./middleware/src/fuel_gauge.o
 .debug_aranges
                0x0000000000000a08       0xc0 ./middleware/src/initialise.o

.debug_ranges   0x0000000000000000      0xc80
 .debug_ranges  0x0000000000000000       0xc8 ./Src/app.o
 .debug_ranges  0x00000000000000c8       0x20 ./Startup/startup_stm32f030f4px.o
 .debug_ranges  0x00000000000000e8       0x30 ./ThirdParty/FreeRTOS/list.o
 .debug_ranges  0x0000000000000118      0x200 ./ThirdParty/FreeRTOS/queue.o
 .debug_ranges  0x0000000000000318      0x288 ./ThirdParty/FreeRTOS/tasks.o
 .debug_ranges  0x00000000000005a0       0xc8 ./ThirdParty/FreeRTOS/timers.o
 .debug_ranges  0x0000000000000668       0x78 ./ThirdParty/FreeRTOS/portable/GCC/ARM_CM0/port.o
 .debug_ranges  0x00000000000006e0       0x48 ./ThirdParty/FreeRTOS/portable/MemMang/heap_4.o
 .debug_ranges  0x0000000000000728       0xb8 ./drivers/src/generic_api.o
 .debug_ranges  0x00000000000007e0       0x48 ./drivers/src/stm32F030x4_timer_driver.o
 .debug_ranges  0x0000000000000828       0x40 ./drivers/src/stm32f030x4_gpio_driver.o
 .debug_ranges  0x0000000000000868       0x78 ./drivers/src/stm32f030x4_i2c_driver.o
 .debug_ranges  0x00000000000008e0       0x50 ./drivers/src/stm32f030x4_usart_driver.o
 .debug_ranges  0x0000000000000930       0xb8 ./middleware/src/CHGBQ25731.o
 .debug_ranges  0x00000000000009e8       0xd8 ./middleware/src/PDTPS257550.o
 .debug_ranges  0x0000000000000ac0       0xb0 ./middleware/src/fuel_gauge.o
 .debug_ranges  0x0000000000000b70      0x110 ./middleware/src/initialise.o

.debug_macro    0x0000000000000000     0x6c25
 .debug_macro   0x0000000000000000      0x2f2 ./Src/app.o
 .debug_macro   0x00000000000002f2      0xa54 ./Src/app.o
 .debug_macro   0x0000000000000d46       0x22 ./Src/app.o
 .debug_macro   0x0000000000000d68       0x4c ./Src/app.o
 .debug_macro   0x0000000000000db4       0x18 ./Src/app.o
 .debug_macro   0x0000000000000dcc       0x94 ./Src/app.o
 .debug_macro   0x0000000000000e60       0x3c ./Src/app.o
 .debug_macro   0x0000000000000e9c       0x34 ./Src/app.o
 .debug_macro   0x0000000000000ed0       0x16 ./Src/app.o
 .debug_macro   0x0000000000000ee6       0x57 ./Src/app.o
 .debug_macro   0x0000000000000f3d       0x97 ./Src/app.o
 .debug_macro   0x0000000000000fd4      0x341 ./Src/app.o
 .debug_macro   0x0000000000001315       0xfd ./Src/app.o
 .debug_macro   0x0000000000001412       0x10 ./Src/app.o
 .debug_macro   0x0000000000001422       0x16 ./Src/app.o
 .debug_macro   0x0000000000001438       0x43 ./Src/app.o
 .debug_macro   0x000000000000147b       0x34 ./Src/app.o
 .debug_macro   0x00000000000014af       0x10 ./Src/app.o
 .debug_macro   0x00000000000014bf       0x58 ./Src/app.o
 .debug_macro   0x0000000000001517       0x71 ./Src/app.o
 .debug_macro   0x0000000000001588       0x1c ./Src/app.o
 .debug_macro   0x00000000000015a4      0x12a ./Src/app.o
 .debug_macro   0x00000000000016ce       0x10 ./Src/app.o
 .debug_macro   0x00000000000016de       0x6a ./Src/app.o
 .debug_macro   0x0000000000001748       0x1c ./Src/app.o
 .debug_macro   0x0000000000001764       0x52 ./Src/app.o
 .debug_macro   0x00000000000017b6       0x22 ./Src/app.o
 .debug_macro   0x00000000000017d8       0x10 ./Src/app.o
 .debug_macro   0x00000000000017e8       0x52 ./Src/app.o
 .debug_macro   0x000000000000183a       0xd5 ./Src/app.o
 .debug_macro   0x000000000000190f       0x1c ./Src/app.o
 .debug_macro   0x000000000000192b       0x3d ./Src/app.o
 .debug_macro   0x0000000000001968       0x16 ./Src/app.o
 .debug_macro   0x000000000000197e      0x145 ./Src/app.o
 .debug_macro   0x0000000000001ac3       0x16 ./Src/app.o
 .debug_macro   0x0000000000001ad9       0x35 ./Src/app.o
 .debug_macro   0x0000000000001b0e       0x20 ./Src/app.o
 .debug_macro   0x0000000000001b2e      0x103 ./Src/app.o
 .debug_macro   0x0000000000001c31      0x1df ./Src/app.o
 .debug_macro   0x0000000000001e10      0x115 ./Src/app.o
 .debug_macro   0x0000000000001f25      0x160 ./Src/app.o
 .debug_macro   0x0000000000002085       0xb8 ./Src/app.o
 .debug_macro   0x000000000000213d       0x1c ./Src/app.o
 .debug_macro   0x0000000000002159       0x26 ./Src/app.o
 .debug_macro   0x000000000000217f      0x504 ./Src/app.o
 .debug_macro   0x0000000000002683       0xb5 ./Src/app.o
 .debug_macro   0x0000000000002738      0x120 ./Src/app.o
 .debug_macro   0x0000000000002858      0x57c ./Src/app.o
 .debug_macro   0x0000000000002dd4       0x94 ./Src/app.o
 .debug_macro   0x0000000000002e68       0x9a ./Src/app.o
 .debug_macro   0x0000000000002f02       0x6a ./Src/app.o
 .debug_macro   0x0000000000002f6c      0xd0b ./Src/app.o
 .debug_macro   0x0000000000003c77       0x4c ./Src/app.o
 .debug_macro   0x0000000000003cc3       0x82 ./Src/app.o
 .debug_macro   0x0000000000003d45      0x1c2 ./Src/app.o
 .debug_macro   0x0000000000003f07       0x16 ./Src/app.o
 .debug_macro   0x0000000000003f1d       0x22 ./Src/app.o
 .debug_macro   0x0000000000003f3f      0x193 ./ThirdParty/FreeRTOS/list.o
 .debug_macro   0x00000000000040d2      0x21c ./ThirdParty/FreeRTOS/queue.o
 .debug_macro   0x00000000000042ee       0x80 ./ThirdParty/FreeRTOS/queue.o
 .debug_macro   0x000000000000436e      0x27f ./ThirdParty/FreeRTOS/tasks.o
 .debug_macro   0x00000000000045ed       0x10 ./ThirdParty/FreeRTOS/tasks.o
 .debug_macro   0x00000000000045fd      0x1dc ./ThirdParty/FreeRTOS/timers.o
 .debug_macro   0x00000000000047d9       0x97 ./ThirdParty/FreeRTOS/timers.o
 .debug_macro   0x0000000000004870      0x136 ./ThirdParty/FreeRTOS/portable/GCC/ARM_CM0/port.o
 .debug_macro   0x00000000000049a6      0x1ae ./ThirdParty/FreeRTOS/portable/MemMang/heap_4.o
 .debug_macro   0x0000000000004b54      0x23a ./drivers/src/generic_api.o
 .debug_macro   0x0000000000004d8e       0x64 ./drivers/src/generic_api.o
 .debug_macro   0x0000000000004df2       0x9e ./drivers/src/stm32F030x4_timer_driver.o
 .debug_macro   0x0000000000004e90      0xd05 ./drivers/src/stm32F030x4_timer_driver.o
 .debug_macro   0x0000000000005b95      0x23a ./drivers/src/stm32f030x4_gpio_driver.o
 .debug_macro   0x0000000000005dcf       0x9e ./drivers/src/stm32f030x4_i2c_driver.o
 .debug_macro   0x0000000000005e6d       0x94 ./drivers/src/stm32f030x4_i2c_driver.o
 .debug_macro   0x0000000000005f01       0xa8 ./drivers/src/stm32f030x4_usart_driver.o
 .debug_macro   0x0000000000005fa9      0x255 ./middleware/src/CHGBQ25731.o
 .debug_macro   0x00000000000061fe       0x10 ./middleware/src/CHGBQ25731.o
 .debug_macro   0x000000000000620e      0x255 ./middleware/src/PDTPS257550.o
 .debug_macro   0x0000000000006463      0x1bc ./middleware/src/PDTPS257550.o
 .debug_macro   0x000000000000661f      0x2f8 ./middleware/src/fuel_gauge.o
 .debug_macro   0x0000000000006917      0x2f2 ./middleware/src/initialise.o
 .debug_macro   0x0000000000006c09       0x1c ./middleware/src/initialise.o

.debug_line     0x0000000000000000     0xf05b
 .debug_line    0x0000000000000000     0x1633 ./Src/app.o
 .debug_line    0x0000000000001633       0x84 ./Startup/startup_stm32f030f4px.o
 .debug_line    0x00000000000016b7      0x806 ./ThirdParty/FreeRTOS/list.o
 .debug_line    0x0000000000001ebd     0x1e83 ./ThirdParty/FreeRTOS/queue.o
 .debug_line    0x0000000000003d40     0x2794 ./ThirdParty/FreeRTOS/tasks.o
 .debug_line    0x00000000000064d4     0x100d ./ThirdParty/FreeRTOS/timers.o
 .debug_line    0x00000000000074e1      0x7b5 ./ThirdParty/FreeRTOS/portable/GCC/ARM_CM0/port.o
 .debug_line    0x0000000000007c96      0xb1c ./ThirdParty/FreeRTOS/portable/MemMang/heap_4.o
 .debug_line    0x00000000000087b2      0xad7 ./drivers/src/generic_api.o
 .debug_line    0x0000000000009289      0x7db ./drivers/src/stm32F030x4_timer_driver.o
 .debug_line    0x0000000000009a64      0x824 ./drivers/src/stm32f030x4_gpio_driver.o
 .debug_line    0x000000000000a288      0x829 ./drivers/src/stm32f030x4_i2c_driver.o
 .debug_line    0x000000000000aab1      0x874 ./drivers/src/stm32f030x4_usart_driver.o
 .debug_line    0x000000000000b325      0xa50 ./middleware/src/CHGBQ25731.o
 .debug_line    0x000000000000bd75     0x10d6 ./middleware/src/PDTPS257550.o
 .debug_line    0x000000000000ce4b      0xf1d ./middleware/src/fuel_gauge.o
 .debug_line    0x000000000000dd68     0x12f3 ./middleware/src/initialise.o

.debug_str      0x0000000000000000    0x17ceb
 .debug_str     0x0000000000000000    0x1365a ./Src/app.o
                                      0x1393a (size before relaxing)
 .debug_str     0x000000000001365a       0x31 ./Startup/startup_stm32f030f4px.o
                                         0x6e (size before relaxing)
 .debug_str     0x000000000001368b      0x253 ./ThirdParty/FreeRTOS/list.o
                                       0xa611 (size before relaxing)
 .debug_str     0x00000000000138de     0x1148 ./ThirdParty/FreeRTOS/queue.o
                                       0xca63 (size before relaxing)
 .debug_str     0x0000000000014a26     0x190b ./ThirdParty/FreeRTOS/tasks.o
                                       0xd533 (size before relaxing)
 .debug_str     0x0000000000016331      0x507 ./ThirdParty/FreeRTOS/timers.o
                                       0xce1c (size before relaxing)
 .debug_str     0x0000000000016838      0x388 ./ThirdParty/FreeRTOS/portable/GCC/ARM_CM0/port.o
                                       0x8d12 (size before relaxing)
 .debug_str     0x0000000000016bc0      0x310 ./ThirdParty/FreeRTOS/portable/MemMang/heap_4.o
                                       0xbabb (size before relaxing)
 .debug_str     0x0000000000016ed0      0x165 ./drivers/src/generic_api.o
                                       0x98a2 (size before relaxing)
 .debug_str     0x0000000000017035      0x2b3 ./drivers/src/stm32F030x4_timer_driver.o
                                       0x9d5c (size before relaxing)
 .debug_str     0x00000000000172e8      0x1d7 ./drivers/src/stm32f030x4_gpio_driver.o
                                       0x9856 (size before relaxing)
 .debug_str     0x00000000000174bf      0x17c ./drivers/src/stm32f030x4_i2c_driver.o
                                       0x5a81 (size before relaxing)
 .debug_str     0x000000000001763b       0xc4 ./drivers/src/stm32f030x4_usart_driver.o
                                       0x594b (size before relaxing)
 .debug_str     0x00000000000176ff      0x1e0 ./middleware/src/CHGBQ25731.o
                                       0x9d2d (size before relaxing)
 .debug_str     0x00000000000178df      0x190 ./middleware/src/PDTPS257550.o
                                       0xa3b9 (size before relaxing)
 .debug_str     0x0000000000017a6f      0x13c ./middleware/src/fuel_gauge.o
                                      0x132e0 (size before relaxing)
 .debug_str     0x0000000000017bab      0x140 ./middleware/src/initialise.o
                                      0x136eb (size before relaxing)

.comment        0x0000000000000000       0x50
 .comment       0x0000000000000000       0x50 ./Src/app.o
                                         0x51 (size before relaxing)
 .comment       0x0000000000000050       0x51 ./ThirdParty/FreeRTOS/list.o
 .comment       0x0000000000000050       0x51 ./ThirdParty/FreeRTOS/queue.o
 .comment       0x0000000000000050       0x51 ./ThirdParty/FreeRTOS/tasks.o
 .comment       0x0000000000000050       0x51 ./ThirdParty/FreeRTOS/timers.o
 .comment       0x0000000000000050       0x51 ./ThirdParty/FreeRTOS/portable/GCC/ARM_CM0/port.o
 .comment       0x0000000000000050       0x51 ./ThirdParty/FreeRTOS/portable/MemMang/heap_4.o
 .comment       0x0000000000000050       0x51 ./drivers/src/generic_api.o
 .comment       0x0000000000000050       0x51 ./drivers/src/stm32F030x4_timer_driver.o
 .comment       0x0000000000000050       0x51 ./drivers/src/stm32f030x4_gpio_driver.o
 .comment       0x0000000000000050       0x51 ./drivers/src/stm32f030x4_i2c_driver.o
 .comment       0x0000000000000050       0x51 ./drivers/src/stm32f030x4_usart_driver.o
 .comment       0x0000000000000050       0x51 ./middleware/src/CHGBQ25731.o
 .comment       0x0000000000000050       0x51 ./middleware/src/PDTPS257550.o
 .comment       0x0000000000000050       0x51 ./middleware/src/fuel_gauge.o
 .comment       0x0000000000000050       0x51 ./middleware/src/initialise.o

.debug_frame    0x0000000000000000     0x1db8
 .debug_frame   0x0000000000000000      0x168 ./Src/app.o
 .debug_frame   0x0000000000000168       0x6c ./ThirdParty/FreeRTOS/list.o
 .debug_frame   0x00000000000001d4      0x380 ./ThirdParty/FreeRTOS/queue.o
 .debug_frame   0x0000000000000554      0x534 ./ThirdParty/FreeRTOS/tasks.o
 .debug_frame   0x0000000000000a88      0x258 ./ThirdParty/FreeRTOS/timers.o
 .debug_frame   0x0000000000000ce0      0x114 ./ThirdParty/FreeRTOS/portable/GCC/ARM_CM0/port.o
 .debug_frame   0x0000000000000df4       0xc0 ./ThirdParty/FreeRTOS/portable/MemMang/heap_4.o
 .debug_frame   0x0000000000000eb4      0x14c ./drivers/src/generic_api.o
 .debug_frame   0x0000000000001000       0xdc ./drivers/src/stm32F030x4_timer_driver.o
 .debug_frame   0x00000000000010dc       0x8c ./drivers/src/stm32f030x4_gpio_driver.o
 .debug_frame   0x0000000000001168      0x120 ./drivers/src/stm32f030x4_i2c_driver.o
 .debug_frame   0x0000000000001288       0xd0 ./drivers/src/stm32f030x4_usart_driver.o
 .debug_frame   0x0000000000001358      0x244 ./middleware/src/CHGBQ25731.o
 .debug_frame   0x000000000000159c      0x2ec ./middleware/src/PDTPS257550.o
 .debug_frame   0x0000000000001888      0x268 ./middleware/src/fuel_gauge.o
 .debug_frame   0x0000000000001af0      0x234 ./middleware/src/initialise.o
 .debug_frame   0x0000000000001d24       0x2c c:/st/stm32cubeide_1.9.0/stm32cubeide/plugins/com.st.stm32cube.ide.mcu.externaltools.gnu-tools-for-stm32.10.3-2021.10.win32_1.0.0.202111181127/tools/bin/../lib/gcc/arm-none-eabi/10.3.1/../../../../arm-none-eabi/lib/thumb/v6-m/nofp\libc_nano.a(lib_a-init.o)
 .debug_frame   0x0000000000001d50       0x28 c:/st/stm32cubeide_1.9.0/stm32cubeide/plugins/com.st.stm32cube.ide.mcu.externaltools.gnu-tools-for-stm32.10.3-2021.10.win32_1.0.0.202111181127/tools/bin/../lib/gcc/arm-none-eabi/10.3.1/../../../../arm-none-eabi/lib/thumb/v6-m/nofp\libc_nano.a(lib_a-memcpy-stub.o)
 .debug_frame   0x0000000000001d78       0x20 c:/st/stm32cubeide_1.9.0/stm32cubeide/plugins/com.st.stm32cube.ide.mcu.externaltools.gnu-tools-for-stm32.10.3-2021.10.win32_1.0.0.202111181127/tools/bin/../lib/gcc/arm-none-eabi/10.3.1/../../../../arm-none-eabi/lib/thumb/v6-m/nofp\libc_nano.a(lib_a-memset.o)
 .debug_frame   0x0000000000001d98       0x20 c:/st/stm32cubeide_1.9.0/stm32cubeide/plugins/com.st.stm32cube.ide.mcu.externaltools.gnu-tools-for-stm32.10.3-2021.10.win32_1.0.0.202111181127/tools/bin/../lib/gcc/arm-none-eabi/10.3.1/thumb/v6-m/nofp\libgcc.a(_udivsi3.o)
