../Src/app.c:369:6:respond_to_host	16	static
../Src/app.c:54:6:pd_restart_setup	8	static
../Src/app.c:381:6:device_task	40	static
../Src/app.c:80:5:main	16	static,ignoring_inline_asm
../Src/app.c:354:6:send_ok_msg	16	static
../Src/app.c:204:6:process_command	24	static
../Src/app.c:309:6:process_pd_binary_fw	8	static
../Src/app.c:331:6:process_gauge_binary_fw	8	static
../Src/app.c:136:6:host_comms	96	static
../Src/app.c:574:6:EXTI4_15_IRQHandler	24	static
../Src/app.c:615:6:I2C1_IRQHandler	8	static
../Src/app.c:620:6:USART1_IRQHandler	8	static
../Src/app.c:625:6:USART_ApplicationEventCallback	8	static
