../drivers/src/stm32f030x4_usart_driver.c:16:9:USART_GetFlagStatus	0	static
../drivers/src/stm32f030x4_usart_driver.c:25:6:USART_Init	0	static
../drivers/src/stm32f030x4_usart_driver.c:43:6:USART_SendData	24	static
../drivers/src/stm32f030x4_usart_driver.c:58:9:USART_SendDataIT	8	static
../drivers/src/stm32f030x4_usart_driver.c:75:6:USART_ReceiveData	24	static
../drivers/src/stm32f030x4_usart_driver.c:86:9:USART_ReceiveDataIT	0	static
../drivers/src/stm32f030x4_usart_driver.c:104:6:USART_ClearFlag	0	static
../drivers/src/stm32f030x4_usart_driver.c:223:13:USART_ApplicationEventCallback	0	static
../drivers/src/stm32f030x4_usart_driver.c:109:6:USART_IRQHandling	8	static
