../drivers/src/stm32F030x4_timer_driver.c:6:6:TIM_Base_SetConfig	0	static
../drivers/src/stm32F030x4_timer_driver.c:26:6:TIM_OC1_SetConfig	12	static
../drivers/src/stm32F030x4_timer_driver.c:49:6:TIM_OC2_SetConfig	12	static
../drivers/src/stm32F030x4_timer_driver.c:73:6:TIM_OC3_SetConfig	12	static
../drivers/src/stm32F030x4_timer_driver.c:97:6:TIM_OC4_SetConfig	12	static
../drivers/src/stm32F030x4_timer_driver.c:122:6:TIM_PWM_ConfigChannel	16	static
../drivers/src/stm32F030x4_timer_driver.c:163:6:TIM_CCxChannelCmd	8	static
../drivers/src/stm32F030x4_timer_driver.c:171:6:TIM_PWM_Start	8	static
