../drivers/src/stm32f030x4_i2c_driver.c:25:13:I2C_ExecuteAddressPhaseWrite	0	static
../drivers/src/stm32f030x4_i2c_driver.c:34:13:I2C_ExecuteAddressPhaseRead	0	static
../drivers/src/stm32f030x4_i2c_driver.c:77:13:I2C_DisableInterrupts	0	static
../drivers/src/stm32f030x4_i2c_driver.c:20:6:I2C_GenerateStartCondition	0	static
../drivers/src/stm32f030x4_i2c_driver.c:43:7:I2C_GenerateStopCondition	0	static
../drivers/src/stm32f030x4_i2c_driver.c:48:6:I2C_Init	0	static
../drivers/src/stm32f030x4_i2c_driver.c:63:6:I2C_DeInit	0	static
../drivers/src/stm32f030x4_i2c_driver.c:68:9:I2C_GetFlagStatus	0	static
../drivers/src/stm32f030x4_i2c_driver.c:87:6:I2C_CloseReceiveData	8	static
../drivers/src/stm32f030x4_i2c_driver.c:97:6:I2C_CloseSendData	8	static
../drivers/src/stm32f030x4_i2c_driver.c:107:9:I2C_MasterSendDataIT	16	static
../drivers/src/stm32f030x4_i2c_driver.c:135:9:I2C_MasterReceiveDataIT	16	static
../drivers/src/stm32f030x4_i2c_driver.c:166:6:I2C_EV_IRQHandling	8	static
../drivers/src/stm32f030x4_i2c_driver.c:270:6:I2C_ApplicationEventCallback	0	static
