../middleware/src/CHGBQ25731.c:37:6:chg_read_register	32	static
../middleware/src/CHGBQ25731.c:51:6:chg_write_command	32	static
../middleware/src/CHGBQ25731.c:58:9:chg_set_ic_power_mode	24	static
../middleware/src/CHGBQ25731.c:79:6:force_charge_off	16	static
../middleware/src/CHGBQ25731.c:90:6:chg_disable_otg	16	static
../middleware/src/CHGBQ25731.c:98:6:chg_enable_ddc_all	16	static
../middleware/src/CHGBQ25731.c:107:6:chg_disable_ddc_all	16	static
../middleware/src/CHGBQ25731.c:116:9:chg_get_ic_power_mode	16	static
../middleware/src/CHGBQ25731.c:125:6:chg_get_ManufacturerID	8	static
../middleware/src/CHGBQ25731.c:130:6:chg_get_DeviceID	8	static
../middleware/src/CHGBQ25731.c:135:6:chg_get_ChargeOption0	8	static
../middleware/src/CHGBQ25731.c:140:6:chg_get_ChargeCurrent	8	static
../middleware/src/CHGBQ25731.c:145:6:chg_get_ChargeVoltage	8	static
../middleware/src/CHGBQ25731.c:150:6:chg_get_OTGVoltage	8	static
../middleware/src/CHGBQ25731.c:155:6:chg_get_OTGCurrent	8	static
../middleware/src/CHGBQ25731.c:160:6:chg_get_ChargerStatus	8	static
../middleware/src/CHGBQ25731.c:165:6:chg_get_ProchotStatus	8	static
../middleware/src/CHGBQ25731.c:170:6:chg_get_ADCVBUS_PSYS	8	static
../middleware/src/CHGBQ25731.c:175:6:chg_get_ADCIBAT	8	static
../middleware/src/CHGBQ25731.c:180:6:chg_get_ADCVSYS_VBAT	8	static
../middleware/src/CHGBQ25731.c:185:6:chg_get_ADCOption	8	static
../middleware/src/CHGBQ25731.c:190:6:chg_set_ADCOption	16	static
