../middleware/src/fuel_gauge.c:16:6:gauge_read_register	32	static
../middleware/src/fuel_gauge.c:31:6:gauge_get_control_status	32	static
../middleware/src/fuel_gauge.c:55:6:get_bat_level	0	static
../middleware/src/fuel_gauge.c:69:6:get_bat_SOC	24	static
../middleware/src/fuel_gauge.c:77:6:get_bat_SOH	24	static
../middleware/src/fuel_gauge.c:85:6:get_bat_remaining_capacity	16	static
../middleware/src/fuel_gauge.c:94:6:get_bat_full_capacity	16	static
../middleware/src/fuel_gauge.c:103:6:get_bat_voltage	16	static
../middleware/src/fuel_gauge.c:113:6:get_bat_current	16	static
../middleware/src/fuel_gauge.c:122:6:get_bat_temperature	16	static
../middleware/src/fuel_gauge.c:131:6:get_bat_time_to_empty	16	static
../middleware/src/fuel_gauge.c:140:6:get_bat_time_to_full	16	static
../middleware/src/fuel_gauge.c:41:6:get_bat_report	16	static
../middleware/src/fuel_gauge.c:149:6:gauge_sealed	24	static
../middleware/src/fuel_gauge.c:157:6:gauge_unseal	24	static
../middleware/src/fuel_gauge.c:183:6:gauge_reset	24	static
../middleware/src/fuel_gauge.c:190:6:gauge_full_sleep_enable	24	static
../middleware/src/fuel_gauge.c:197:6:gauge_get_device_type	32	static
../middleware/src/fuel_gauge.c:207:6:gauge_get_firmware_version	32	static
../middleware/src/fuel_gauge.c:217:6:gauge_flash_write_binary	32	static
../middleware/src/fuel_gauge.c:223:6:gauge_flash_read_binary	48	dynamic
