../middleware/src/initialise.c:10:6:IO_Init	48	static
../middleware/src/initialise.c:42:6:USART1_Init	8	static
../middleware/src/initialise.c:58:15:I2c_Init	8	static
../middleware/src/initialise.c:74:6:Knock_PD_trigger_IT_enable	8	static
../middleware/src/initialise.c:82:6:setLED	0	static
../middleware/src/initialise.c:150:9:led_logic_handler	0	static
../middleware/src/initialise.c:220:6:led_blink	40	static
../middleware/src/initialise.c:250:9:get_led_to_glow	8	static
../middleware/src/initialise.c:265:10:dim_led	24	static
../middleware/src/initialise.c:304:10:brighten_led	24	static
../middleware/src/initialise.c:203:6:led_glow_cycle	24	static
../middleware/src/initialise.c:342:6:dim_leds	40	static
../middleware/src/initialise.c:382:6:brighten_leds	40	static
../middleware/src/initialise.c:423:6:IWDG_Init	0	static
../middleware/src/initialise.c:450:6:IWDG_DInit	0	static
../middleware/src/initialise.c:477:6:IWDG_Refresh	0	static
../middleware/src/initialise.c:482:6:read_i2c_generic	40	static
../middleware/src/initialise.c:495:6:write_i2c_generic	32	static
../middleware/src/initialise.c:500:6:prepare_to_sleep	8	static,ignoring_inline_asm
../middleware/src/initialise.c:522:6:prepare_to_wakeup	8	static
../middleware/src/initialise.c:534:6:log_device_info	0	static
