../middleware/src/PDTPS257550.c:26:6:pd_read_register	32	static
../middleware/src/PDTPS257550.c:47:16:pd_get_command_response	16	static
../middleware/src/PDTPS257550.c:66:16:get_task_result	24	static
../middleware/src/PDTPS257550.c:40:6:pd_write_command	32	static
../middleware/src/PDTPS257550.c:93:9:pd_4cc_command	16	static
../middleware/src/PDTPS257550.c:186:9:pd_reset	8	static
../middleware/src/PDTPS257550.c:192:9:pd_get_plug_detect	8	static
../middleware/src/PDTPS257550.c:198:9:pd_get_power_direction	8	static
../middleware/src/PDTPS257550.c:204:9:pd_swap_to_source	8	static
../middleware/src/PDTPS257550.c:210:9:pd_swap_to_sink	8	static
../middleware/src/PDTPS257550.c:216:9:pd_swap_to_UFP	8	static
../middleware/src/PDTPS257550.c:222:9:pd_clear_dead_flag	8	static
../middleware/src/PDTPS257550.c:228:9:pd_get_dead_flag	32	static
../middleware/src/PDTPS257550.c:243:9:pd_get_mode	16	static
../middleware/src/PDTPS257550.c:257:6:pd_get_rx_source_caps	56	dynamic
../middleware/src/PDTPS257550.c:277:6:pd_get_rx_sink_caps	56	dynamic
../middleware/src/PDTPS257550.c:307:10:pd_get_active_contract_pdo	8	static
../middleware/src/PDTPS257550.c:320:9:pd_get_sleep_config	16	static
../middleware/src/PDTPS257550.c:327:9:pd_set_sleep_config	16	static
../middleware/src/PDTPS257550.c:337:6:pd_interrupt_mask	24	static
../middleware/src/PDTPS257550.c:346:6:pd_interrupt_clear	32	static
../middleware/src/PDTPS257550.c:364:6:pd_interrupt_clear_all	24	static
../middleware/src/PDTPS257550.c:372:6:pd_IRQHandling	32	static
../middleware/src/PDTPS257550.c:396:6:pd_patch_eprom	24	static
../middleware/src/PDTPS257550.c:401:6:pd_set_eeprom_pointer	24	static
../middleware/src/PDTPS257550.c:408:6:pd_pbms	16	static
